Microchip MPLAB XC8 Compiler V1.34 ()

Linker command line:

-W-3 --edf=C:\Program Files (x86)\Microchip\xc8\v1.34\dat\en_msgs.txt -cs \
  -h+dist/default/production\Track_Following_Robot.X.production.sym \
  --cmf=dist/default/production\Track_Following_Robot.X.production.cmf -z \
  -Q18F4525 -oC:\Users\Anmol\AppData\Local\Temp\s2ic.6 \
  -Mdist/default/production/Track_Following_Robot.X.production.map -E1 \
  -ver=XC8 -ASTACK=080h-0f7fh -pstack=STACK -ACODE=00h-0BFFFh \
  -ACONST=00h-0BFFFh -ASMALLCONST=01000h-010FFhx176 \
  -AMEDIUMCONST=01000h-0BFFFh -ACOMRAM=01h-07Fh -AABS1=00h-0F7Fh \
  -ABIGRAM=01h-0F7Fh -ARAM=080h-0FFh,0100h-01FFhx14,0F00h-0F7Fh \
  -ABANK0=080h-0FFh -ABANK1=0100h-01FFh -ABANK2=0200h-02FFh \
  -ABANK3=0300h-03FFh -ABANK4=0400h-04FFh -ABANK5=0500h-05FFh \
  -ABANK6=0600h-06FFh -ABANK7=0700h-07FFh -ABANK8=0800h-08FFh \
  -ABANK9=0900h-09FFh -ABANK10=0A00h-0AFFh -ABANK11=0B00h-0BFFh \
  -ABANK12=0C00h-0CFFh -ABANK13=0D00h-0DFFh -ABANK14=0E00h-0EFFh \
  -ABANK15=0F00h-0F7Fh -ASFR=0F80h-0FFFh \
  -preset_vec=00h,intcode=08h,intcodelo,powerup,init,end_init \
  -pramtop=01000h -psmallconst=SMALLCONST -pmediumconst=MEDIUMCONST \
  -pconst=CONST -AFARRAM=00h-00h -ACONFIG=0300000h-030000Dh -pconfig=CONFIG \
  -AIDLOC=0200000h-0200007h -pidloc=IDLOC -AEEDATA=0F00000h-0F003FFh \
  -peeprom_data=EEDATA \
  -prdata=COMRAM,nvrram=COMRAM,nvbit=COMRAM,rbss=COMRAM,rbit=COMRAM \
  -pfarbss=FARRAM,fardata=FARRAM,nvFARRAM=FARRAM \
  -pintsave_regs=BIGRAM,bigbss=BIGRAM,bigdata=BIGRAM -pbss=RAM \
  -pidata=CODE,irdata=CODE,ibigdata=CODE,ifardata=CODE -prparam=COMRAM \
  C:\Users\Anmol\AppData\Local\Temp\s2ic.obj \
  dist/default/production\Track_Following_Robot.X.production.obj 

Object code version is 3.11

Machine type is 18F4525

Call graph: (short form)




                Name                               Link     Load   Length Selector   Space Scale
C:\Users\Anmol\AppData\Local\Temp\s2ic.obj
                end_init                             18       18        4        4       0
                reset_vec                             0        0        4        0       0
                idloc                            200000   200000        8   200000       0
                config                           300000   300000        E   300000       0
dist/default/production\Track_Following_Robot.X.production.obj
                intcode                               8        8       10        4       0
                smallconst                         1000     1000       7A      800       0
                intcode_body                       1C1E     1C1E       7E      83D       0
                text52                             1F62     1F62       3A      83D       0
                text51                             1F28     1F28       3A      83D       0
                text50                             1A7A     1A7A       96      83D       0
                text49                             2056     2056       28      83D       0
                text48                             1384     1384      1CC      83D       0
                text47                             2238     2238       12      83D       0
                text46                             2268     2268        E      83D       0
                text45                             22A0     22A0        4      83D       0
                text44                             224A     224A       10      83D       0
                text43                             21EC     21EC       16      83D       0
                text42                             202E     202E       28      83D       0
                text41                             186A     186A       C4      83D       0
                text40                             20CA     20CA       22      83D       0
                text39                             1BA0     1BA0       7E      83D       0
                text38                             1C9C     1C9C       72      83D       0
                text37                             2226     2226       12      83D       0
                text36                             19DA     19DA       A0      83D       0
                text35                             1550     1550      158      83D       0
                text34                             1D7E     1D7E       62      83D       0
                text33                             229A     229A        6      83D       0
                text32                             22A4     22A4        2      83D       0
                text31                             1FD4     1FD4       2E      83D       0
                text30                             212C     212C       20      83D       0
                text29                             210C     210C       20      83D       0
                text28                             178C     178C       DE      83D       0
                text27                             1E3E     1E3E       5C      83D       0
                text26                             1E9A     1E9A       4C      83D       0
                text25                             107A     107A      30A      83D       0
                text24                             1DE0     1DE0       5E      83D       0
                text23                             2214     2214       12      83D       0
                text22                             1F9C     1F9C       38      83D       0
                text21                             21A2     21A2       1C      83D       0
                text20                             1D0E     1D0E       70      83D       0
                text19                             21BE     21BE       18      83D       0
                text18                             2294     2294        6      83D       0
                text17                             228E     228E        6      83D       0
                text16                             225A     225A        E      83D       0
                text15                             2288     2288        6      83D       0
                text14                             2282     2282        6      83D       0
                text13                             227C     227C        6      83D       0
                text12                             20EC     20EC       20      83D       0
                text11                             192E     192E       AC      83D       0
                text10                             2186     2186       1C      83D       0
                text9                              214C     214C       1E      83D       0
                text8                              216A     216A       1C      83D       0
                text7                              21D6     21D6       16      83D       0
                text6                              20A4     20A4       26      83D       0
                text5                              207E     207E       26      83D       0
                text4                              1EE6     1EE6       42      83D       0
                text3                              2002     2002       2C      83D       0
                text2                              1B10     1B10       90      83D       0
                text1                              2276     2276        6      83D       0
                text0                              16A8     16A8       E4      83D       0
                cstackCOMRAM                          1        1       40        1       1
                bssCOMRAM                            41       41        D        1       1
                cinit                              2202     2202       12      83D       0

TOTAL           Name                               Link     Load   Length     Space
        CLASS   STACK          

        CLASS   CODE           
                end_init                             18       18        4         0
                intcode                               8        8       10         0
                reset_vec                             0        0        4         0
                intcode_body                       1C1E     1C1E       7E         0
                text52                             1F62     1F62       3A         0
                text51                             1F28     1F28       3A         0
                text50                             1A7A     1A7A       96         0
                text49                             2056     2056       28         0
                text48                             1384     1384      1CC         0
                text47                             2238     2238       12         0
                text46                             2268     2268        E         0
                text45                             22A0     22A0        4         0
                text44                             224A     224A       10         0
                text43                             21EC     21EC       16         0
                text42                             202E     202E       28         0
                text41                             186A     186A       C4         0
                text40                             20CA     20CA       22         0
                text39                             1BA0     1BA0       7E         0
                text38                             1C9C     1C9C       72         0
                text37                             2226     2226       12         0
                text36                             19DA     19DA       A0         0
                text35                             1550     1550      158         0
                text34                             1D7E     1D7E       62         0
                text33                             229A     229A        6         0
                text32                             22A4     22A4        2         0
                text31                             1FD4     1FD4       2E         0
                text30                             212C     212C       20         0
                text29                             210C     210C       20         0
                text28                             178C     178C       DE         0
                text27                             1E3E     1E3E       5C         0
                text26                             1E9A     1E9A       4C         0
                text25                             107A     107A      30A         0
                text24                             1DE0     1DE0       5E         0
                text23                             2214     2214       12         0
                text22                             1F9C     1F9C       38         0
                text21                             21A2     21A2       1C         0
                text20                             1D0E     1D0E       70         0
                text19                             21BE     21BE       18         0
                text18                             2294     2294        6         0
                text17                             228E     228E        6         0
                text16                             225A     225A        E         0
                text15                             2288     2288        6         0
                text14                             2282     2282        6         0
                text13                             227C     227C        6         0
                text12                             20EC     20EC       20         0
                text11                             192E     192E       AC         0
                text10                             2186     2186       1C         0
                text9                              214C     214C       1E         0
                text8                              216A     216A       1C         0
                text7                              21D6     21D6       16         0
                text6                              20A4     20A4       26         0
                text5                              207E     207E       26         0
                text4                              1EE6     1EE6       42         0
                text3                              2002     2002       2C         0
                text2                              1B10     1B10       90         0
                text1                              2276     2276        6         0
                text0                              16A8     16A8       E4         0
                cinit                              2202     2202       12         0

        CLASS   CONST          

        CLASS   SMALLCONST     
                smallconst                         1000     1000       7A         0

        CLASS   MEDIUMCONST    

        CLASS   COMRAM         
                cstackCOMRAM                          1        1       40         1
                bssCOMRAM                            41       41        D         1

        CLASS   ABS1           

        CLASS   BIGRAM         

        CLASS   RAM            

        CLASS   BANK0          

        CLASS   BANK1          

        CLASS   BANK2          

        CLASS   BANK3          

        CLASS   BANK4          

        CLASS   BANK5          

        CLASS   BANK6          

        CLASS   BANK7          

        CLASS   BANK8          

        CLASS   BANK9          

        CLASS   BANK10         

        CLASS   BANK11         

        CLASS   BANK12         

        CLASS   BANK13         

        CLASS   BANK14         

        CLASS   BANK15         

        CLASS   SFR            

        CLASS   FARRAM         

        CLASS   CONFIG         
                config                           300000   300000        E         0

        CLASS   IDLOC          
                idloc                            200000   200000        8         0

        CLASS   EEDATA         



SEGMENTS        Name                           Load    Length   Top    Selector   Space  Class

                reset_vec                      000000  000004  000004         0       0  CODE    
                cstackCOMRAM                   000001  00004D  00004E         1       1  COMRAM  
                intcode                        000008  000014  00001C         4       0  CODE    
                smallconst                     001000  00007A  00107A       800       0  SMALLCON
                text25                         00107A  00122C  0022A6       83D       0  CODE    
                idloc                          200000  000008  200008    200000       0  IDLOC   
                config                         300000  00000E  30000E    300000       0  CONFIG  


UNUSED ADDRESS RANGES

        Name                Unused          Largest block    Delta
        BANK0            000080-0000FF               80
        BANK1            000100-0001FF              100
        BANK10           000A00-000AFF              100
        BANK11           000B00-000BFF              100
        BANK12           000C00-000CFF              100
        BANK13           000D00-000DFF              100
        BANK14           000E00-000EFF              100
        BANK15           000F00-000F7F               80
        BANK2            000200-0002FF              100
        BANK3            000300-0003FF              100
        BANK4            000400-0004FF              100
        BANK5            000500-0005FF              100
        BANK6            000600-0006FF              100
        BANK7            000700-0007FF              100
        BANK8            000800-0008FF              100
        BANK9            000900-0009FF              100
        BIGRAM           00004E-000F7F              F32
        CODE             000004-000007                4
                         00001C-000FFF              FE4
                         0022A6-00BFFF             9D5A
        COMRAM           00004E-00007F               32
        CONST            000004-000007                4
                         00001C-000FFF              FE4
                         0022A6-00BFFF             9D5A
        EEDATA           F00000-F003FF              400
        MEDIUMCONST      0022A6-00BFFF             9D5A
        RAM              000080-000F7F              100
        SFR              000F80-000FFF               80
        SMALLCONST       0022A6-00BFFF              100
        STACK            000080-000F7F              F00

                                  Symbol Table

?_ReadADC                        cstackCOMRAM 00000F
?_ReadTimer0                     cstackCOMRAM 00000F
?___aldiv                        cstackCOMRAM 00000F
?___awdiv                        cstackCOMRAM 000023
?___lwdiv                        cstackCOMRAM 000013
?___lwmod                        cstackCOMRAM 000013
?___wmul                         cstackCOMRAM 00001D
?_adc                            cstackCOMRAM 000013
?_printf                         cstackCOMRAM 00000F
GetBackonTrack@error             cstackCOMRAM 000039
GetBackonTrack@i                 cstackCOMRAM 00003D
MotorControl@delta_velocity      cstackCOMRAM 00002B
MotorControl@left_dir_modifier   cstackCOMRAM 00002F
MotorControl@left_duty_cycle     cstackCOMRAM 000031
MotorControl@right_dir_modifier  cstackCOMRAM 000030
MotorControl@right_duty_cycle    cstackCOMRAM 000033
MotorControl@speed_divider       cstackCOMRAM 00002D
OpenADC@config                   cstackCOMRAM 000013
OpenADC@config2                  cstackCOMRAM 00000F
OpenADC@portconfig               cstackCOMRAM 000010
OpenPWM1@period                  cstackCOMRAM 00000F
OpenPWM2@ccp2mx                  cstackCOMRAM 000010
OpenPWM2@period                  cstackCOMRAM 00000F
OpenTimer0@config                cstackCOMRAM 00000F
OpenTimer2@config                cstackCOMRAM 00000F
OpenUSART@config                 cstackCOMRAM 000011
OpenUSART@spbrg                  cstackCOMRAM 00000F
PID_LineFollowing@D              bssCOMRAM    000044
PID_LineFollowing@delta_velocity bssCOMRAM    000046
PID_LineFollowing@error          cstackCOMRAM 000035
PORtask@count1                   cstackCOMRAM 000014
PORtask@count2                   cstackCOMRAM 000018
ReadTimer0@timer                 cstackCOMRAM 000011
SetChanADC@channel               cstackCOMRAM 000010
SetDCPWM1@DCycle                 cstackCOMRAM 000013
SetDCPWM1@dutycycle              cstackCOMRAM 00000F
SetDCPWM2@DCycle                 cstackCOMRAM 000013
SetDCPWM2@dutycycle              cstackCOMRAM 00000F
SharpTurn@delta_velocity         cstackCOMRAM 000037
SharpTurn@direction              cstackCOMRAM 000036
WriteTimer0@timer                cstackCOMRAM 000011
WriteTimer0@timer0               cstackCOMRAM 00000F
_ADCON0                          (abs)        000FC2
_ADCON0bits                      (abs)        000FC2
_ADCON1                          (abs)        000FC1
_ADCON2                          (abs)        000FC0
_ADRESH                          (abs)        000FC4
_ADRESL                          (abs)        000FC3
_AllSensorsTriggered             text38       001C9C
_AllSensorsTriggered$470         cstackCOMRAM 000035
_BORtask                         text12       0020EC
_BusyADC                         text46       002268
_CCP1CON                         (abs)        000FBD
_CCP2CON                         (abs)        000FBA
_CCPR1L                          (abs)        000FBE
_CCPR2L                          (abs)        000FBB
_ConvertADC                      text45       0022A0
_D_CONSTANT                      smallconst   001001
_GetBackonTrack                  text35       001550
_HLVDCONbits                     (abs)        000FD2
_I                               bssCOMRAM    000048
_INTCONbits                      (abs)        000FF2
_IPR2bits                        (abs)        000FA2
_I_CONSTANT                      smallconst   001003
_LVtrap                          text30       00212C
_MotorControl                    text48       001384
_OSCCONbits                      (abs)        000FD3
_OSCTUNEbits                     (abs)        000F9B
_OpenADC                         text24       001DE0
_OpenPWM1                        text23       002214
_OpenPWM2                        text22       001F9C
_OpenTimer0                      text29       00210C
_OpenTimer2                      text21       0021A2
_OpenUSART                       text20       001D0E
_PID_LineFollowing               text25       00107A
_PIE1bits                        (abs)        000F9D
_PIE2bits                        (abs)        000FA0
_PIR1bits                        (abs)        000F9E
_PIR2bits                        (abs)        000FA1
_PORTCbits                       (abs)        000F82
_PORTD                           (abs)        000F83
_PORTDbits                       (abs)        000F83
_PORTEbits                       (abs)        000F84
_PORtask                         text11       00192E
_PR2                             (abs)        000FCB
_P_CONSTANT                      smallconst   001005
_RCONbits                        (abs)        000FD0
_RCSTA                           (abs)        000FAB
_RCSTAbits                       (abs)        000FAB
_RESETtask                       text10       002186
_ReadADC                         text44       00224A
_ReadTimer0                      text37       002226
_SPBRG                           (abs)        000FAF
_SPBRGH                          (abs)        000FB0
_STKFULtask                      text9        00214C
_STKPTRbits                      (abs)        000FFC
_SeeLine                         bssCOMRAM    00004C
_SetChanADC                      text43       0021EC
_SetDCPWM1                       text52       001F62
_SetDCPWM2                       text51       001F28
_SharpTurn                       text36       0019DA
_StatusReset                     text13       00227C
_T0CON                           (abs)        000FD5
_T0CONbits                       (abs)        000FD5
_T2CON                           (abs)        000FCA
_T2CONbits                       (abs)        000FCA
_TMR0H                           (abs)        000FD7
_TMR0IF                          (abs)        007F92
_TMR0L                           (abs)        000FD6
_TMR2                            (abs)        000FCC
_TRISA                           (abs)        000F92
_TRISB                           (abs)        000F93
_TRISBbits                       (abs)        000F93
_TRISC                           (abs)        000F94
_TRISCbits                       (abs)        000F94
_TRISD                           (abs)        000F95
_TRISE                           (abs)        000F96
_TURN_SPEED_DIVIDER              smallconst   001009
_TURN_TIME_ms                    smallconst   001007
_TXSTA                           (abs)        000FAC
_TXSTAbits                       (abs)        000FAC
_WDTtask                         text8        00216A
_WriteTimer0                     text47       002238
__CFG_BOREN$ON                   (abs)        000000
__CFG_BORV$0                     (abs)        000000
__CFG_LVP$OFF                    (abs)        000000
__CFG_MCLRE$OFF                  (abs)        000000
__CFG_OSC$INTIO67                (abs)        000000
__CFG_STVREN$ON                  (abs)        000000
__CFG_WDT$OFF                    (abs)        000000
__CFG_WDTPS$8                    (abs)        000000
__HRAM                           (abs)        000000
__Habs1                          abs1         000000
__Hbank0                         bank0        000000
__Hbank1                         bank1        000000
__Hbank10                        bank10       000000
__Hbank11                        bank11       000000
__Hbank12                        bank12       000000
__Hbank13                        bank13       000000
__Hbank14                        bank14       000000
__Hbank15                        bank15       000000
__Hbank2                         bank2        000000
__Hbank3                         bank3        000000
__Hbank4                         bank4        000000
__Hbank5                         bank5        000000
__Hbank6                         bank6        000000
__Hbank7                         bank7        000000
__Hbank8                         bank8        000000
__Hbank9                         bank9        000000
__Hbigbss                        bigbss       000000
__Hbigdata                       bigdata      000000
__Hbigram                        bigram       000000
__Hbss                           bss          000000
__HbssCOMRAM                     bssCOMRAM    000000
__Hcinit                         cinit        000000
__Hclrtext                       clrtext      000000
__Hcomram                        comram       000000
__Hconfig                        config       30000E
__Hconst                         const        000000
__HcstackCOMRAM                  cstackCOMRAM 000000
__Hdata                          data         000000
__Heeprom_data                   eeprom_data  000000
__Hend_init                      end_init     00001C
__Hfarbss                        farbss       000000
__Hfardata                       fardata      000000
__Hibigdata                      ibigdata     000000
__Hidata                         idata        000000
__Hidloc                         idloc        200008
__Hifardata                      ifardata     000000
__Hinit                          init         000018
__Hintcode                       intcode      000018
__Hintcode_body                  intcode_body 000000
__Hintcodelo                     intcodelo    000018
__Hintentry                      intentry     000000
__Hintret                        intret       000000
__Hintsave_regs                  intsave_regs 000000
__Hirdata                        irdata       000000
__Hmediumconst                   mediumconst  000000
__HnvFARRAM                      nvFARRAM     000000
__Hnvbit                         nvbit        000000
__Hnvrram                        nvrram       000000
__Hparam                         rparam       000000
__Hpowerup                       powerup      000018
__Hram                           ram          000000
__Hramtop                        ramtop       001000
__Hrbit                          rbit         000000
__Hrbss                          rbss         000000
__Hrdata                         rdata        000000
__Hreset_vec                     reset_vec    000004
__Hrparam                        rparam       000000
__Hsfr                           sfr          000000
__Hsmallconst                    smallconst   00107A
__Hspace_0                       (abs)        30000E
__Hspace_1                       (abs)        00004E
__Hspace_2                       (abs)        000000
__Hstack                         stack        000000
__Hstruct                        struct       000000
__Htemp                          temp         000000
__Htext                          text         000000
__Htext0                         text0        000000
__Htext1                         text1        000000
__Htext10                        text10       000000
__Htext11                        text11       000000
__Htext12                        text12       000000
__Htext13                        text13       000000
__Htext14                        text14       000000
__Htext15                        text15       000000
__Htext16                        text16       000000
__Htext17                        text17       000000
__Htext18                        text18       000000
__Htext19                        text19       000000
__Htext2                         text2        000000
__Htext20                        text20       000000
__Htext21                        text21       000000
__Htext22                        text22       000000
__Htext23                        text23       000000
__Htext24                        text24       000000
__Htext25                        text25       000000
__Htext26                        text26       000000
__Htext27                        text27       000000
__Htext28                        text28       000000
__Htext29                        text29       000000
__Htext3                         text3        000000
__Htext30                        text30       000000
__Htext31                        text31       000000
__Htext32                        text32       000000
__Htext33                        text33       000000
__Htext34                        text34       000000
__Htext35                        text35       000000
__Htext36                        text36       000000
__Htext37                        text37       000000
__Htext38                        text38       000000
__Htext39                        text39       000000
__Htext4                         text4        000000
__Htext40                        text40       000000
__Htext41                        text41       000000
__Htext42                        text42       000000
__Htext43                        text43       000000
__Htext44                        text44       000000
__Htext45                        text45       000000
__Htext46                        text46       000000
__Htext47                        text47       000000
__Htext48                        text48       000000
__Htext49                        text49       000000
__Htext5                         text5        000000
__Htext50                        text50       000000
__Htext51                        text51       000000
__Htext52                        text52       000000
__Htext6                         text6        000000
__Htext7                         text7        000000
__Htext8                         text8        000000
__Htext9                         text9        000000
__LRAM                           (abs)        000001
__Labs1                          abs1         000000
__Lbank0                         bank0        000000
__Lbank1                         bank1        000000
__Lbank10                        bank10       000000
__Lbank11                        bank11       000000
__Lbank12                        bank12       000000
__Lbank13                        bank13       000000
__Lbank14                        bank14       000000
__Lbank15                        bank15       000000
__Lbank2                         bank2        000000
__Lbank3                         bank3        000000
__Lbank4                         bank4        000000
__Lbank5                         bank5        000000
__Lbank6                         bank6        000000
__Lbank7                         bank7        000000
__Lbank8                         bank8        000000
__Lbank9                         bank9        000000
__Lbigbss                        bigbss       000000
__Lbigdata                       bigdata      000000
__Lbigram                        bigram       000000
__Lbss                           bss          000000
__LbssCOMRAM                     bssCOMRAM    000000
__Lcinit                         cinit        000000
__Lclrtext                       clrtext      000000
__Lcomram                        comram       000000
__Lconfig                        config       300000
__Lconst                         const        000000
__LcstackCOMRAM                  cstackCOMRAM 000000
__Ldata                          data         000000
__Leeprom_data                   eeprom_data  000000
__Lend_init                      end_init     000018
__Lfarbss                        farbss       000000
__Lfardata                       fardata      000000
__Libigdata                      ibigdata     000000
__Lidata                         idata        000000
__Lidloc                         idloc        200000
__Lifardata                      ifardata     000000
__Linit                          init         000018
__Lintcode                       intcode      000008
__Lintcode_body                  intcode_body 000000
__Lintcodelo                     intcodelo    000018
__Lintentry                      intentry     000000
__Lintret                        intret       000000
__Lintsave_regs                  intsave_regs 000000
__Lirdata                        irdata       000000
__Lmediumconst                   mediumconst  000000
__LnvFARRAM                      nvFARRAM     000000
__Lnvbit                         nvbit        000000
__Lnvrram                        nvrram       000000
__Lparam                         rparam       000000
__Lpowerup                       powerup      000018
__Lram                           ram          000000
__Lramtop                        ramtop       001000
__Lrbit                          rbit         000000
__Lrbss                          rbss         000000
__Lrdata                         rdata        000000
__Lreset_vec                     reset_vec    000000
__Lrparam                        rparam       000000
__Lsfr                           sfr          000000
__Lsmallconst                    smallconst   001000
__Lspace_0                       (abs)        000000
__Lspace_1                       (abs)        000000
__Lspace_2                       (abs)        000000
__Lstack                         stack        000000
__Lstruct                        struct       000000
__Ltemp                          temp         000000
__Ltext                          text         000000
__Ltext0                         text0        000000
__Ltext1                         text1        000000
__Ltext10                        text10       000000
__Ltext11                        text11       000000
__Ltext12                        text12       000000
__Ltext13                        text13       000000
__Ltext14                        text14       000000
__Ltext15                        text15       000000
__Ltext16                        text16       000000
__Ltext17                        text17       000000
__Ltext18                        text18       000000
__Ltext19                        text19       000000
__Ltext2                         text2        000000
__Ltext20                        text20       000000
__Ltext21                        text21       000000
__Ltext22                        text22       000000
__Ltext23                        text23       000000
__Ltext24                        text24       000000
__Ltext25                        text25       000000
__Ltext26                        text26       000000
__Ltext27                        text27       000000
__Ltext28                        text28       000000
__Ltext29                        text29       000000
__Ltext3                         text3        000000
__Ltext30                        text30       000000
__Ltext31                        text31       000000
__Ltext32                        text32       000000
__Ltext33                        text33       000000
__Ltext34                        text34       000000
__Ltext35                        text35       000000
__Ltext36                        text36       000000
__Ltext37                        text37       000000
__Ltext38                        text38       000000
__Ltext39                        text39       000000
__Ltext4                         text4        000000
__Ltext40                        text40       000000
__Ltext41                        text41       000000
__Ltext42                        text42       000000
__Ltext43                        text43       000000
__Ltext44                        text44       000000
__Ltext45                        text45       000000
__Ltext46                        text46       000000
__Ltext47                        text47       000000
__Ltext48                        text48       000000
__Ltext49                        text49       000000
__Ltext5                         text5        000000
__Ltext50                        text50       000000
__Ltext51                        text51       000000
__Ltext52                        text52       000000
__Ltext6                         text6        000000
__Ltext7                         text7        000000
__Ltext8                         text8        000000
__Ltext9                         text9        000000
__S0                             (abs)        30000E
__S1                             (abs)        00004E
__S2                             (abs)        000000
___aldiv                         text28       00178C
___aldiv@counter                 cstackCOMRAM 000017
___aldiv@dividend                cstackCOMRAM 00000F
___aldiv@divisor                 cstackCOMRAM 000013
___aldiv@quotient                cstackCOMRAM 000019
___aldiv@sign                    cstackCOMRAM 000018
___awdiv                         text50       001A7A
___awdiv@counter                 cstackCOMRAM 000027
___awdiv@dividend                cstackCOMRAM 000023
___awdiv@divisor                 cstackCOMRAM 000025
___awdiv@quotient                cstackCOMRAM 000029
___awdiv@sign                    cstackCOMRAM 000028
___inthi_sp                      stack        000000
___intlo_sp                      stack        000000
___lwdiv                         text27       001E3E
___lwdiv@counter                 cstackCOMRAM 000019
___lwdiv@dividend                cstackCOMRAM 000013
___lwdiv@divisor                 cstackCOMRAM 000015
___lwdiv@quotient                cstackCOMRAM 000017
___lwmod                         text26       001E9A
___lwmod@counter                 cstackCOMRAM 000017
___lwmod@dividend                cstackCOMRAM 000013
___lwmod@divisor                 cstackCOMRAM 000015
___param_bank                    (abs)        000010
___rparam_used                   (abs)        000001
___sp                            stack        000000
___wmul                          text49       002056
___wmul@multiplicand             cstackCOMRAM 00001F
___wmul@multiplier               cstackCOMRAM 00001D
___wmul@product                  cstackCOMRAM 000021
__accesstop                      (abs)        000080
__activetblptr                   (abs)        000003
__end_of_AllSensorsTriggered     text38       001D0E
__end_of_BORtask                 text12       00210C
__end_of_BusyADC                 text46       002276
__end_of_ConvertADC              text45       0022A4
__end_of_D_CONSTANT              smallconst   001003
__end_of_GetBackonTrack          text35       0016A8
__end_of_I_CONSTANT              smallconst   001005
__end_of_LVtrap                  text30       00214C
__end_of_MotorControl            text48       001550
__end_of_OpenADC                 text24       001E3E
__end_of_OpenPWM1                text23       002226
__end_of_OpenPWM2                text22       001FD4
__end_of_OpenTimer0              text29       00212C
__end_of_OpenTimer2              text21       0021BE
__end_of_OpenUSART               text20       001D7E
__end_of_PID_LineFollowing       text25       001384
__end_of_PORtask                 text11       0019DA
__end_of_P_CONSTANT              smallconst   001007
__end_of_RESETtask               text10       0021A2
__end_of_ReadADC                 text44       00225A
__end_of_ReadTimer0              text37       002238
__end_of_STKFULtask              text9        00216A
__end_of_SetChanADC              text43       002202
__end_of_SetDCPWM1               text52       001F9C
__end_of_SetDCPWM2               text51       001F62
__end_of_SharpTurn               text36       001A7A
__end_of_StatusReset             text13       002282
__end_of_TURN_SPEED_DIVIDER      smallconst   00100A
__end_of_TURN_TIME_ms            smallconst   001009
__end_of_WDTtask                 text8        002186
__end_of_WriteTimer0             text47       00224A
__end_of___aldiv                 text28       00186A
__end_of___awdiv                 text50       001B10
__end_of___lwdiv                 text27       001E9A
__end_of___lwmod                 text26       001EE6
__end_of___wmul                  text49       00207E
__end_of__initialization         cinit        00220E
__end_of_adc                     text42       002056
__end_of_check_sensors           text41       00192E
__end_of_gtrap                   text34       001DE0
__end_of_high_isr                intcode_body 001C9C
__end_of_initialization          text2        001BA0
__end_of_isBOR                   text7        0021EC
__end_of_isPOR                   text6        0020CA
__end_of_isWDTTO                 text5        0020A4
__end_of_lvd_flag_set            text1        00227C
__end_of_main                    text0        00178C
__end_of_motors_brake_all        text40       0020EC
__end_of_openLVD                 text19       0021D6
__end_of_openPORTA               text18       00229A
__end_of_openPORTB               text17       002294
__end_of_openPORTCforPWM         text16       002268
__end_of_openPORTCforUSART       text15       00228E
__end_of_openPORTD               text33       0022A0
__end_of_openPORTE               text14       002288
__end_of_printf                  text31       002002
__end_of_putch                   text32       0022A6
__end_of_reset_codes             text4        001F28
__end_of_set_leds                text39       001C1E
__end_of_set_osc_32MHz           text3        00202E
__initialization                 cinit        002202
__mediumconst                    mediumconst  000000
__pbssCOMRAM                     bssCOMRAM    000041
__pcinit                         cinit        002202
__pcstackCOMRAM                  cstackCOMRAM 000001
__pintcode                       intcode      000008
__pintcode_body                  intcode_body 001C1E
__psmallconst                    smallconst   001000
__ptext0                         text0        0016A8
__ptext1                         text1        002276
__ptext10                        text10       002186
__ptext11                        text11       00192E
__ptext12                        text12       0020EC
__ptext13                        text13       00227C
__ptext14                        text14       002282
__ptext15                        text15       002288
__ptext16                        text16       00225A
__ptext17                        text17       00228E
__ptext18                        text18       002294
__ptext19                        text19       0021BE
__ptext2                         text2        001B10
__ptext20                        text20       001D0E
__ptext21                        text21       0021A2
__ptext22                        text22       001F9C
__ptext23                        text23       002214
__ptext24                        text24       001DE0
__ptext25                        text25       00107A
__ptext26                        text26       001E9A
__ptext27                        text27       001E3E
__ptext28                        text28       00178C
__ptext29                        text29       00210C
__ptext3                         text3        002002
__ptext30                        text30       00212C
__ptext31                        text31       001FD4
__ptext32                        text32       0022A4
__ptext33                        text33       00229A
__ptext34                        text34       001D7E
__ptext35                        text35       001550
__ptext36                        text36       0019DA
__ptext37                        text37       002226
__ptext38                        text38       001C9C
__ptext39                        text39       001BA0
__ptext4                         text4        001EE6
__ptext40                        text40       0020CA
__ptext41                        text41       00186A
__ptext42                        text42       00202E
__ptext43                        text43       0021EC
__ptext44                        text44       00224A
__ptext45                        text45       0022A0
__ptext46                        text46       002268
__ptext47                        text47       002238
__ptext48                        text48       001384
__ptext49                        text49       002056
__ptext5                         text5        00207E
__ptext50                        text50       001A7A
__ptext51                        text51       001F28
__ptext52                        text52       001F62
__ptext6                         text6        0020A4
__ptext7                         text7        0021D6
__ptext8                         text8        00216A
__ptext9                         text9        00214C
__ramtop                         ramtop       001000
__size_of_AllSensorsTriggered    (abs)        000000
__size_of_BORtask                (abs)        000000
__size_of_BusyADC                (abs)        000000
__size_of_ConvertADC             (abs)        000000
__size_of_GetBackonTrack         (abs)        000000
__size_of_LVtrap                 (abs)        000000
__size_of_MotorControl           (abs)        000000
__size_of_OpenADC                (abs)        000000
__size_of_OpenPWM1               (abs)        000000
__size_of_OpenPWM2               (abs)        000000
__size_of_OpenTimer0             (abs)        000000
__size_of_OpenTimer2             (abs)        000000
__size_of_OpenUSART              (abs)        000000
__size_of_PID_LineFollowing      (abs)        000000
__size_of_PORtask                (abs)        000000
__size_of_RESETtask              (abs)        000000
__size_of_ReadADC                (abs)        000000
__size_of_ReadTimer0             (abs)        000000
__size_of_STKFULtask             (abs)        000000
__size_of_SetChanADC             (abs)        000000
__size_of_SetDCPWM1              (abs)        000000
__size_of_SetDCPWM2              (abs)        000000
__size_of_SharpTurn              (abs)        000000
__size_of_StatusReset            (abs)        000000
__size_of_WDTtask                (abs)        000000
__size_of_WriteTimer0            (abs)        000000
__size_of___aldiv                (abs)        000000
__size_of___awdiv                (abs)        000000
__size_of___lwdiv                (abs)        000000
__size_of___lwmod                (abs)        000000
__size_of___wmul                 (abs)        000000
__size_of_adc                    (abs)        000000
__size_of_check_sensors          (abs)        000000
__size_of_gtrap                  (abs)        000000
__size_of_high_isr               (abs)        000000
__size_of_initialization         (abs)        000000
__size_of_isBOR                  (abs)        000000
__size_of_isPOR                  (abs)        000000
__size_of_isWDTTO                (abs)        000000
__size_of_lvd_flag_set           (abs)        000000
__size_of_main                   (abs)        000000
__size_of_motors_brake_all       (abs)        000000
__size_of_openLVD                (abs)        000000
__size_of_openPORTA              (abs)        000000
__size_of_openPORTB              (abs)        000000
__size_of_openPORTCforPWM        (abs)        000000
__size_of_openPORTCforUSART      (abs)        000000
__size_of_openPORTD              (abs)        000000
__size_of_openPORTE              (abs)        000000
__size_of_printf                 (abs)        000000
__size_of_putch                  (abs)        000000
__size_of_reset_codes            (abs)        000000
__size_of_set_leds               (abs)        000000
__size_of_set_osc_32MHz          (abs)        000000
__smallconst                     smallconst   001000
_adc                             text42       00202E
_check_sensors                   text41       00186A
_gtrap                           text34       001D7E
_high_isr                        intcode      000008
_initialization                  text2        001B10
_isBOR                           text7        0021D6
_isPOR                           text6        0020A4
_isWDTTO                         text5        00207E
_lvd_flag                        bssCOMRAM    00004D
_lvd_flag_set                    text1        002276
_main                            text0        0016A8
_motors_brake_all                text40       0020CA
_openLVD                         text19       0021BE
_openPORTA                       text18       002294
_openPORTB                       text17       00228E
_openPORTCforPWM                 text16       00225A
_openPORTCforUSART               text15       002288
_openPORTD                       text33       00229A
_openPORTE                       text14       002282
_printf                          text31       001FD4
_putch                           text32       0022A4
_reset_codes                     text4        001EE6
_set_leds                        text39       001BA0
_set_osc_32MHz                   text3        002002
_threshold                       bssCOMRAM    00004A
adc@channel                      cstackCOMRAM 000015
end_of_initialization            cinit        00220E
gtrap@count                      cstackCOMRAM 00000F
int_func                         intcode_body 001C1E
intlevel0                        text         000000
intlevel1                        text         000000
intlevel2                        text         000000
intlevel3                        text         000000
main@F4192                       bssCOMRAM    000041
main@error                       cstackCOMRAM 00003E
printf@ap                        cstackCOMRAM 000011
printf@c                         cstackCOMRAM 000013
printf@f                         cstackCOMRAM 00000F
set_osc_32MHz@i                  cstackCOMRAM 00000F
stackhi                          (abs)        000F7F
stacklo                          (abs)        000080
start                            init         000018
start_initialization             cinit        002202


FUNCTION INFORMATION:

 *************** function _main *****************
 Defined at:
		line 25 in file "../Robot Files/main.c"
 Parameters:    Size  Location     Type
		None
 Auto vars:     Size  Location     Type
  error           3   61[COMRAM] char [3]
 Return value:  Size  Location     Type
		None               void
 Registers used:
		wreg, fsr1l, fsr1h, fsr2l, fsr2h, status,2, status,0, tblptrl, tblptrh, tblptru, prodl, prodh, cstack
 Tracked objects:
		On entry : 
		On exit  : 
		Unchanged: 
 Data sizes:     COMRAM   BANK0   BANK1   BANK2   BANK3   BANK4   BANK5   BANK6   BANK7   BANK8   BANK9  BANK10  BANK11  BANK12  BANK13  BANK14  BANK15
      Params:         0       0       0       0       0       0       0       0       0       0       0       0       0       0       0       0       0
      Locals:         3       0       0       0       0       0       0       0       0       0       0       0       0       0       0       0       0
      Temps:          0       0       0       0       0       0       0       0       0       0       0       0       0       0       0       0       0
      Totals:         3       0       0       0       0       0       0       0       0       0       0       0       0       0       0       0       0
Total ram usage:        3 bytes
 Hardware stack levels required when called:    6
 This function calls:
		_AllSensorsTriggered
		_GetBackonTrack
		_LVtrap
		_OpenTimer0
		_PID_LineFollowing
		_WriteTimer0
		_check_sensors
		_initialization
		_lvd_flag_set
		_printf
		_set_leds
 This function is called by:
		Startup code after reset
 This function uses a non-reentrant model


 *************** function _lvd_flag_set *****************
 Defined at:
		line 47 in file "../Robot Files/interrupts.c"
 Parameters:    Size  Location     Type
		None
 Auto vars:     Size  Location     Type
		None
 Return value:  Size  Location     Type
                  1    wreg      unsigned char 
 Registers used:
		wreg, status,2
 Tracked objects:
		On entry : 
		On exit  : 
		Unchanged: 
 Data sizes:     COMRAM   BANK0   BANK1   BANK2   BANK3   BANK4   BANK5   BANK6   BANK7   BANK8   BANK9  BANK10  BANK11  BANK12  BANK13  BANK14  BANK15
      Params:         0       0       0       0       0       0       0       0       0       0       0       0       0       0       0       0       0
      Locals:         0       0       0       0       0       0       0       0       0       0       0       0       0       0       0       0       0
      Temps:          0       0       0       0       0       0       0       0       0       0       0       0       0       0       0       0       0
      Totals:         0       0       0       0       0       0       0       0       0       0       0       0       0       0       0       0       0
Total ram usage:        0 bytes
 Hardware stack levels used:    1
 Hardware stack levels required when called:    1
 This function calls:
		Nothing
 This function is called by:
		_main
 This function uses a non-reentrant model


 *************** function _initialization *****************
 Defined at:
		line 65 in file "../Robot Files/sumovore.c"
 Parameters:    Size  Location     Type
		None
 Auto vars:     Size  Location     Type
		None
 Return value:  Size  Location     Type
		None               void
 Registers used:
		wreg, status,2, status,0, tblptrl, tblptrh, tblptru, cstack
 Tracked objects:
		On entry : 
		On exit  : 
		Unchanged: 
 Data sizes:     COMRAM   BANK0   BANK1   BANK2   BANK3   BANK4   BANK5   BANK6   BANK7   BANK8   BANK9  BANK10  BANK11  BANK12  BANK13  BANK14  BANK15
      Params:         0       0       0       0       0       0       0       0       0       0       0       0       0       0       0       0       0
      Locals:         0       0       0       0       0       0       0       0       0       0       0       0       0       0       0       0       0
      Temps:          0       0       0       0       0       0       0       0       0       0       0       0       0       0       0       0       0
      Totals:         0       0       0       0       0       0       0       0       0       0       0       0       0       0       0       0       0
Total ram usage:        0 bytes
 Hardware stack levels used:    1
 Hardware stack levels required when called:    5
 This function calls:
		_OpenADC
		_OpenPWM1
		_OpenPWM2
		_OpenTimer2
		_OpenUSART
		_SetDCPWM1
		_SetDCPWM2
		_openLVD
		_openPORTA
		_openPORTB
		_openPORTCforPWM
		_openPORTCforUSART
		_openPORTD
		_openPORTE
		_reset_codes
		_set_osc_32MHz
 This function is called by:
		_main
 This function uses a non-reentrant model


 *************** function _set_osc_32MHz *****************
 Defined at:
		line 18 in file "../Robot Files/osc.c"
 Parameters:    Size  Location     Type
		None
 Auto vars:     Size  Location     Type
  i               2   14[COMRAM] int 
 Return value:  Size  Location     Type
		None               void
 Registers used:
		wreg, status,2, status,0
 Tracked objects:
		On entry : 
		On exit  : 
		Unchanged: 
 Data sizes:     COMRAM   BANK0   BANK1   BANK2   BANK3   BANK4   BANK5   BANK6   BANK7   BANK8   BANK9  BANK10  BANK11  BANK12  BANK13  BANK14  BANK15
      Params:         0       0       0       0       0       0       0       0       0       0       0       0       0       0       0       0       0
      Locals:         2       0       0       0       0       0       0       0       0       0       0       0       0       0       0       0       0
      Temps:          0       0       0       0       0       0       0       0       0       0       0       0       0       0       0       0       0
      Totals:         2       0       0       0       0       0       0       0       0       0       0       0       0       0       0       0       0
Total ram usage:        2 bytes
 Hardware stack levels used:    1
 Hardware stack levels required when called:    1
 This function calls:
		Nothing
 This function is called by:
		_initialization
 This function uses a non-reentrant model


 *************** function _reset_codes *****************
 Defined at:
		line 282 in file "../Robot Files/sumovore.c"
 Parameters:    Size  Location     Type
		None
 Auto vars:     Size  Location     Type
		None
 Return value:  Size  Location     Type
		None               void
 Registers used:
		wreg, status,2, status,0, tblptrl, tblptrh, tblptru, cstack
 Tracked objects:
		On entry : 
		On exit  : 
		Unchanged: 
 Data sizes:     COMRAM   BANK0   BANK1   BANK2   BANK3   BANK4   BANK5   BANK6   BANK7   BANK8   BANK9  BANK10  BANK11  BANK12  BANK13  BANK14  BANK15
      Params:         0       0       0       0       0       0       0       0       0       0       0       0       0       0       0       0       0
      Locals:         0       0       0       0       0       0       0       0       0       0       0       0       0       0       0       0       0
      Temps:          0       0       0       0       0       0       0       0       0       0       0       0       0       0       0       0       0
      Totals:         0       0       0       0       0       0       0       0       0       0       0       0       0       0       0       0       0
Total ram usage:        0 bytes
 Hardware stack levels used:    1
 Hardware stack levels required when called:    4
 This function calls:
		_BORtask
		_PORtask
		_RESETtask
		_STKFULtask
		_WDTtask
		_isBOR
		_isPOR
		_isWDTTO
 This function is called by:
		_initialization
 This function uses a non-reentrant model


 *************** function _isWDTTO *****************
 Defined at:
		line 15 in file "C:\Program Files (x86)\Microchip\xc8\v1.34\sources\pic18\plib\reset\iswdtto.c"
 Parameters:    Size  Location     Type
		None
 Auto vars:     Size  Location     Type
		None
 Return value:  Size  Location     Type
                  1    wreg      unsigned char 
 Registers used:
		wreg
 Tracked objects:
		On entry : 
		On exit  : 
		Unchanged: 
 Data sizes:     COMRAM   BANK0   BANK1   BANK2   BANK3   BANK4   BANK5   BANK6   BANK7   BANK8   BANK9  BANK10  BANK11  BANK12  BANK13  BANK14  BANK15
      Params:         0       0       0       0       0       0       0       0       0       0       0       0       0       0       0       0       0
      Locals:         0       0       0       0       0       0       0       0       0       0       0       0       0       0       0       0       0
      Temps:          0       0       0       0       0       0       0       0       0       0       0       0       0       0       0       0       0
      Totals:         0       0       0       0       0       0       0       0       0       0       0       0       0       0       0       0       0
Total ram usage:        0 bytes
 Hardware stack levels used:    1
 Hardware stack levels required when called:    1
 This function calls:
		Nothing
 This function is called by:
		_reset_codes
 This function uses a non-reentrant model


 *************** function _isPOR *****************
 Defined at:
		line 10 in file "C:\Program Files (x86)\Microchip\xc8\v1.34\sources\pic18\plib\reset\ispor.c"
 Parameters:    Size  Location     Type
		None
 Auto vars:     Size  Location     Type
		None
 Return value:  Size  Location     Type
                  1    wreg      unsigned char 
 Registers used:
		wreg
 Tracked objects:
		On entry : 
		On exit  : 
		Unchanged: 
 Data sizes:     COMRAM   BANK0   BANK1   BANK2   BANK3   BANK4   BANK5   BANK6   BANK7   BANK8   BANK9  BANK10  BANK11  BANK12  BANK13  BANK14  BANK15
      Params:         0       0       0       0       0       0       0       0       0       0       0       0       0       0       0       0       0
      Locals:         0       0       0       0       0       0       0       0       0       0       0       0       0       0       0       0       0
      Temps:          0       0       0       0       0       0       0       0       0       0       0       0       0       0       0       0       0
      Totals:         0       0       0       0       0       0       0       0       0       0       0       0       0       0       0       0       0
Total ram usage:        0 bytes
 Hardware stack levels used:    1
 Hardware stack levels required when called:    1
 This function calls:
		Nothing
 This function is called by:
		_reset_codes
 This function uses a non-reentrant model


 *************** function _isBOR *****************
 Defined at:
		line 12 in file "C:\Program Files (x86)\Microchip\xc8\v1.34\sources\pic18\plib\reset\isbor.c"
 Parameters:    Size  Location     Type
		None
 Auto vars:     Size  Location     Type
		None
 Return value:  Size  Location     Type
                  1    wreg      unsigned char 
 Registers used:
		wreg
 Tracked objects:
		On entry : 
		On exit  : 
		Unchanged: 
 Data sizes:     COMRAM   BANK0   BANK1   BANK2   BANK3   BANK4   BANK5   BANK6   BANK7   BANK8   BANK9  BANK10  BANK11  BANK12  BANK13  BANK14  BANK15
      Params:         0       0       0       0       0       0       0       0       0       0       0       0       0       0       0       0       0
      Locals:         0       0       0       0       0       0       0       0       0       0       0       0       0       0       0       0       0
      Temps:          0       0       0       0       0       0       0       0       0       0       0       0       0       0       0       0       0
      Totals:         0       0       0       0       0       0       0       0       0       0       0       0       0       0       0       0       0
Total ram usage:        0 bytes
 Hardware stack levels used:    1
 Hardware stack levels required when called:    1
 This function calls:
		Nothing
 This function is called by:
		_reset_codes
 This function uses a non-reentrant model


 *************** function _WDTtask *****************
 Defined at:
		line 370 in file "../Robot Files/sumovore.c"
 Parameters:    Size  Location     Type
		None
 Auto vars:     Size  Location     Type
		None
 Return value:  Size  Location     Type
		None               void
 Registers used:
		wreg, status,2, status,0, tblptrl, tblptrh, tblptru, cstack
 Tracked objects:
		On entry : 
		On exit  : 
		Unchanged: 
 Data sizes:     COMRAM   BANK0   BANK1   BANK2   BANK3   BANK4   BANK5   BANK6   BANK7   BANK8   BANK9  BANK10  BANK11  BANK12  BANK13  BANK14  BANK15
      Params:         0       0       0       0       0       0       0       0       0       0       0       0       0       0       0       0       0
      Locals:         0       0       0       0       0       0       0       0       0       0       0       0       0       0       0       0       0
      Temps:          0       0       0       0       0       0       0       0       0       0       0       0       0       0       0       0       0
      Totals:         0       0       0       0       0       0       0       0       0       0       0       0       0       0       0       0       0
Total ram usage:        0 bytes
 Hardware stack levels used:    1
 Hardware stack levels required when called:    3
 This function calls:
		_gtrap
		_printf
 This function is called by:
		_reset_codes
 This function uses a non-reentrant model


 *************** function _STKFULtask *****************
 Defined at:
		line 389 in file "../Robot Files/sumovore.c"
 Parameters:    Size  Location     Type
		None
 Auto vars:     Size  Location     Type
		None
 Return value:  Size  Location     Type
		None               void
 Registers used:
		wreg, status,2, status,0, tblptrl, tblptrh, tblptru, cstack
 Tracked objects:
		On entry : 
		On exit  : 
		Unchanged: 
 Data sizes:     COMRAM   BANK0   BANK1   BANK2   BANK3   BANK4   BANK5   BANK6   BANK7   BANK8   BANK9  BANK10  BANK11  BANK12  BANK13  BANK14  BANK15
      Params:         0       0       0       0       0       0       0       0       0       0       0       0       0       0       0       0       0
      Locals:         0       0       0       0       0       0       0       0       0       0       0       0       0       0       0       0       0
      Temps:          0       0       0       0       0       0       0       0       0       0       0       0       0       0       0       0       0
      Totals:         0       0       0       0       0       0       0       0       0       0       0       0       0       0       0       0       0
Total ram usage:        0 bytes
 Hardware stack levels used:    1
 Hardware stack levels required when called:    3
 This function calls:
		_gtrap
		_printf
 This function is called by:
		_reset_codes
 This function uses a non-reentrant model


 *************** function _RESETtask *****************
 Defined at:
		line 405 in file "../Robot Files/sumovore.c"
 Parameters:    Size  Location     Type
		None
 Auto vars:     Size  Location     Type
		None
 Return value:  Size  Location     Type
		None               void
 Registers used:
		wreg, status,2, status,0, tblptrl, tblptrh, tblptru, cstack
 Tracked objects:
		On entry : 
		On exit  : 
		Unchanged: 
 Data sizes:     COMRAM   BANK0   BANK1   BANK2   BANK3   BANK4   BANK5   BANK6   BANK7   BANK8   BANK9  BANK10  BANK11  BANK12  BANK13  BANK14  BANK15
      Params:         0       0       0       0       0       0       0       0       0       0       0       0       0       0       0       0       0
      Locals:         0       0       0       0       0       0       0       0       0       0       0       0       0       0       0       0       0
      Temps:          0       0       0       0       0       0       0       0       0       0       0       0       0       0       0       0       0
      Totals:         0       0       0       0       0       0       0       0       0       0       0       0       0       0       0       0       0
Total ram usage:        0 bytes
 Hardware stack levels used:    1
 Hardware stack levels required when called:    3
 This function calls:
		_gtrap
		_printf
 This function is called by:
		_reset_codes
 This function uses a non-reentrant model


 *************** function _PORtask *****************
 Defined at:
		line 307 in file "../Robot Files/sumovore.c"
 Parameters:    Size  Location     Type
		None
 Auto vars:     Size  Location     Type
  count2          4   23[COMRAM] unsigned long 
  count1          4   19[COMRAM] unsigned long 
 Return value:  Size  Location     Type
		None               void
 Registers used:
		wreg, status,2, status,0, tblptrl, tblptrh, tblptru, cstack
 Tracked objects:
		On entry : 
		On exit  : 
		Unchanged: 
 Data sizes:     COMRAM   BANK0   BANK1   BANK2   BANK3   BANK4   BANK5   BANK6   BANK7   BANK8   BANK9  BANK10  BANK11  BANK12  BANK13  BANK14  BANK15
      Params:         0       0       0       0       0       0       0       0       0       0       0       0       0       0       0       0       0
      Locals:         8       0       0       0       0       0       0       0       0       0       0       0       0       0       0       0       0
      Temps:          0       0       0       0       0       0       0       0       0       0       0       0       0       0       0       0       0
      Totals:         8       0       0       0       0       0       0       0       0       0       0       0       0       0       0       0       0
Total ram usage:        8 bytes
 Hardware stack levels used:    1
 Hardware stack levels required when called:    3
 This function calls:
		_StatusReset
		_printf
 This function is called by:
		_reset_codes
 This function uses a non-reentrant model


 *************** function _BORtask *****************
 Defined at:
		line 349 in file "../Robot Files/sumovore.c"
 Parameters:    Size  Location     Type
		None
 Auto vars:     Size  Location     Type
		None
 Return value:  Size  Location     Type
		None               void
 Registers used:
		wreg, status,2, status,0, tblptrl, tblptrh, tblptru, cstack
 Tracked objects:
		On entry : 
		On exit  : 
		Unchanged: 
 Data sizes:     COMRAM   BANK0   BANK1   BANK2   BANK3   BANK4   BANK5   BANK6   BANK7   BANK8   BANK9  BANK10  BANK11  BANK12  BANK13  BANK14  BANK15
      Params:         0       0       0       0       0       0       0       0       0       0       0       0       0       0       0       0       0
      Locals:         0       0       0       0       0       0       0       0       0       0       0       0       0       0       0       0       0
      Temps:          0       0       0       0       0       0       0       0       0       0       0       0       0       0       0       0       0
      Totals:         0       0       0       0       0       0       0       0       0       0       0       0       0       0       0       0       0
Total ram usage:        0 bytes
 Hardware stack levels used:    1
 Hardware stack levels required when called:    3
 This function calls:
		_StatusReset
		_gtrap
		_printf
 This function is called by:
		_reset_codes
 This function uses a non-reentrant model


 *************** function _StatusReset *****************
 Defined at:
		line 10 in file "C:\Program Files (x86)\Microchip\xc8\v1.34\sources\pic18\plib\reset\statrst.c"
 Parameters:    Size  Location     Type
		None
 Auto vars:     Size  Location     Type
		None
 Return value:  Size  Location     Type
		None               void
 Registers used:
		None
 Tracked objects:
		On entry : 
		On exit  : 
		Unchanged: 
 Data sizes:     COMRAM   BANK0   BANK1   BANK2   BANK3   BANK4   BANK5   BANK6   BANK7   BANK8   BANK9  BANK10  BANK11  BANK12  BANK13  BANK14  BANK15
      Params:         0       0       0       0       0       0       0       0       0       0       0       0       0       0       0       0       0
      Locals:         0       0       0       0       0       0       0       0       0       0       0       0       0       0       0       0       0
      Temps:          0       0       0       0       0       0       0       0       0       0       0       0       0       0       0       0       0
      Totals:         0       0       0       0       0       0       0       0       0       0       0       0       0       0       0       0       0
Total ram usage:        0 bytes
 Hardware stack levels used:    1
 Hardware stack levels required when called:    1
 This function calls:
		Nothing
 This function is called by:
		_PORtask
		_BORtask
 This function uses a non-reentrant model


 *************** function _openPORTE *****************
 Defined at:
		line 178 in file "../Robot Files/sumovore.c"
 Parameters:    Size  Location     Type
		None
 Auto vars:     Size  Location     Type
		None
 Return value:  Size  Location     Type
		None               void
 Registers used:
		wreg, status,2
 Tracked objects:
		On entry : 
		On exit  : 
		Unchanged: 
 Data sizes:     COMRAM   BANK0   BANK1   BANK2   BANK3   BANK4   BANK5   BANK6   BANK7   BANK8   BANK9  BANK10  BANK11  BANK12  BANK13  BANK14  BANK15
      Params:         0       0       0       0       0       0       0       0       0       0       0       0       0       0       0       0       0
      Locals:         0       0       0       0       0       0       0       0       0       0       0       0       0       0       0       0       0
      Temps:          0       0       0       0       0       0       0       0       0       0       0       0       0       0       0       0       0
      Totals:         0       0       0       0       0       0       0       0       0       0       0       0       0       0       0       0       0
Total ram usage:        0 bytes
 Hardware stack levels used:    1
 Hardware stack levels required when called:    1
 This function calls:
		Nothing
 This function is called by:
		_initialization
 This function uses a non-reentrant model


 *************** function _openPORTCforUSART *****************
 Defined at:
		line 124 in file "../Robot Files/sumovore.c"
 Parameters:    Size  Location     Type
		None
 Auto vars:     Size  Location     Type
		None
 Return value:  Size  Location     Type
		None               void
 Registers used:
		None
 Tracked objects:
		On entry : 
		On exit  : 
		Unchanged: 
 Data sizes:     COMRAM   BANK0   BANK1   BANK2   BANK3   BANK4   BANK5   BANK6   BANK7   BANK8   BANK9  BANK10  BANK11  BANK12  BANK13  BANK14  BANK15
      Params:         0       0       0       0       0       0       0       0       0       0       0       0       0       0       0       0       0
      Locals:         0       0       0       0       0       0       0       0       0       0       0       0       0       0       0       0       0
      Temps:          0       0       0       0       0       0       0       0       0       0       0       0       0       0       0       0       0
      Totals:         0       0       0       0       0       0       0       0       0       0       0       0       0       0       0       0       0
Total ram usage:        0 bytes
 Hardware stack levels used:    1
 Hardware stack levels required when called:    1
 This function calls:
		Nothing
 This function is called by:
		_initialization
 This function uses a non-reentrant model


 *************** function _openPORTCforPWM *****************
 Defined at:
		line 133 in file "../Robot Files/sumovore.c"
 Parameters:    Size  Location     Type
		None
 Auto vars:     Size  Location     Type
		None
 Return value:  Size  Location     Type
		None               void
 Registers used:
		None
 Tracked objects:
		On entry : 
		On exit  : 
		Unchanged: 
 Data sizes:     COMRAM   BANK0   BANK1   BANK2   BANK3   BANK4   BANK5   BANK6   BANK7   BANK8   BANK9  BANK10  BANK11  BANK12  BANK13  BANK14  BANK15
      Params:         0       0       0       0       0       0       0       0       0       0       0       0       0       0       0       0       0
      Locals:         0       0       0       0       0       0       0       0       0       0       0       0       0       0       0       0       0
      Temps:          0       0       0       0       0       0       0       0       0       0       0       0       0       0       0       0       0
      Totals:         0       0       0       0       0       0       0       0       0       0       0       0       0       0       0       0       0
Total ram usage:        0 bytes
 Hardware stack levels used:    1
 Hardware stack levels required when called:    1
 This function calls:
		Nothing
 This function is called by:
		_initialization
 This function uses a non-reentrant model


 *************** function _openPORTB *****************
 Defined at:
		line 158 in file "../Robot Files/sumovore.c"
 Parameters:    Size  Location     Type
		None
 Auto vars:     Size  Location     Type
		None
 Return value:  Size  Location     Type
		None               void
 Registers used:
		wreg, status,2
 Tracked objects:
		On entry : 
		On exit  : 
		Unchanged: 
 Data sizes:     COMRAM   BANK0   BANK1   BANK2   BANK3   BANK4   BANK5   BANK6   BANK7   BANK8   BANK9  BANK10  BANK11  BANK12  BANK13  BANK14  BANK15
      Params:         0       0       0       0       0       0       0       0       0       0       0       0       0       0       0       0       0
      Locals:         0       0       0       0       0       0       0       0       0       0       0       0       0       0       0       0       0
      Temps:          0       0       0       0       0       0       0       0       0       0       0       0       0       0       0       0       0
      Totals:         0       0       0       0       0       0       0       0       0       0       0       0       0       0       0       0       0
Total ram usage:        0 bytes
 Hardware stack levels used:    1
 Hardware stack levels required when called:    1
 This function calls:
		Nothing
 This function is called by:
		_initialization
 This function uses a non-reentrant model


 *************** function _openPORTA *****************
 Defined at:
		line 147 in file "../Robot Files/sumovore.c"
 Parameters:    Size  Location     Type
		None
 Auto vars:     Size  Location     Type
		None
 Return value:  Size  Location     Type
		None               void
 Registers used:
		wreg, status,2
 Tracked objects:
		On entry : 
		On exit  : 
		Unchanged: 
 Data sizes:     COMRAM   BANK0   BANK1   BANK2   BANK3   BANK4   BANK5   BANK6   BANK7   BANK8   BANK9  BANK10  BANK11  BANK12  BANK13  BANK14  BANK15
      Params:         0       0       0       0       0       0       0       0       0       0       0       0       0       0       0       0       0
      Locals:         0       0       0       0       0       0       0       0       0       0       0       0       0       0       0       0       0
      Temps:          0       0       0       0       0       0       0       0       0       0       0       0       0       0       0       0       0
      Totals:         0       0       0       0       0       0       0       0       0       0       0       0       0       0       0       0       0
Total ram usage:        0 bytes
 Hardware stack levels used:    1
 Hardware stack levels required when called:    1
 This function calls:
		Nothing
 This function is called by:
		_initialization
 This function uses a non-reentrant model


 *************** function _openLVD *****************
 Defined at:
		line 428 in file "../Robot Files/sumovore.c"
 Parameters:    Size  Location     Type
		None
 Auto vars:     Size  Location     Type
		None
 Return value:  Size  Location     Type
		None               void
 Registers used:
		None
 Tracked objects:
		On entry : 
		On exit  : 
		Unchanged: 
 Data sizes:     COMRAM   BANK0   BANK1   BANK2   BANK3   BANK4   BANK5   BANK6   BANK7   BANK8   BANK9  BANK10  BANK11  BANK12  BANK13  BANK14  BANK15
      Params:         0       0       0       0       0       0       0       0       0       0       0       0       0       0       0       0       0
      Locals:         0       0       0       0       0       0       0       0       0       0       0       0       0       0       0       0       0
      Temps:          0       0       0       0       0       0       0       0       0       0       0       0       0       0       0       0       0
      Totals:         0       0       0       0       0       0       0       0       0       0       0       0       0       0       0       0       0
Total ram usage:        0 bytes
 Hardware stack levels used:    1
 Hardware stack levels required when called:    1
 This function calls:
		Nothing
 This function is called by:
		_initialization
 This function uses a non-reentrant model


 *************** function _OpenUSART *****************
 Defined at:
		line 73 in file "C:\Program Files (x86)\Microchip\xc8\v1.34\sources\pic18\plib\USART\uopen.c"
 Parameters:    Size  Location     Type
  config          1    wreg     unsigned char 
  spbrg           2   14[COMRAM] unsigned int 
 Auto vars:     Size  Location     Type
  config          1   16[COMRAM] unsigned char 
 Return value:  Size  Location     Type
		None               void
 Registers used:
		wreg, status,2
 Tracked objects:
		On entry : 
		On exit  : 
		Unchanged: 
 Data sizes:     COMRAM   BANK0   BANK1   BANK2   BANK3   BANK4   BANK5   BANK6   BANK7   BANK8   BANK9  BANK10  BANK11  BANK12  BANK13  BANK14  BANK15
      Params:         2       0       0       0       0       0       0       0       0       0       0       0       0       0       0       0       0
      Locals:         1       0       0       0       0       0       0       0       0       0       0       0       0       0       0       0       0
      Temps:          0       0       0       0       0       0       0       0       0       0       0       0       0       0       0       0       0
      Totals:         3       0       0       0       0       0       0       0       0       0       0       0       0       0       0       0       0
Total ram usage:        3 bytes
 Hardware stack levels used:    1
[...]
Total ram usage:        0 bytes
 Hardware stack levels used:    1
 Hardware stack levels required when called:    1
 This function calls:
		Nothing
 This function is called by:
		_adc
 This function uses a non-reentrant model


 *************** function _BusyADC *****************
 Defined at:
		line 26 in file "C:\Program Files (x86)\Microchip\xc8\v1.34\sources\pic18\plib\ADC\adcbusy.c"
 Parameters:    Size  Location     Type
		None
 Auto vars:     Size  Location     Type
		None
 Return value:  Size  Location     Type
                  1    wreg      unsigned char 
 Registers used:
		wreg
 Tracked objects:
		On entry : 
		On exit  : 
		Unchanged: 
 Data sizes:     COMRAM   BANK0   BANK1   BANK2   BANK3   BANK4   BANK5   BANK6   BANK7   BANK8   BANK9  BANK10  BANK11  BANK12  BANK13  BANK14  BANK15
      Params:         0       0       0       0       0       0       0       0       0       0       0       0       0       0       0       0       0
      Locals:         0       0       0       0       0       0       0       0       0       0       0       0       0       0       0       0       0
      Temps:          0       0       0       0       0       0       0       0       0       0       0       0       0       0       0       0       0
      Totals:         0       0       0       0       0       0       0       0       0       0       0       0       0       0       0       0       0
Total ram usage:        0 bytes
 Hardware stack levels used:    1
 Hardware stack levels required when called:    1
 This function calls:
		Nothing
 This function is called by:
		_adc
 This function uses a non-reentrant model


 *************** function _WriteTimer0 *****************
 Defined at:
		line 16 in file "C:\Program Files (x86)\Microchip\xc8\v1.34\sources\pic18\plib\Timers\t0write.c"
 Parameters:    Size  Location     Type
  timer0          2   14[COMRAM] unsigned int 
 Auto vars:     Size  Location     Type
  timer           2   16[COMRAM] struct Timers
 Return value:  Size  Location     Type
		None               void
 Registers used:
		None
 Tracked objects:
		On entry : 
		On exit  : 
		Unchanged: 
 Data sizes:     COMRAM   BANK0   BANK1   BANK2   BANK3   BANK4   BANK5   BANK6   BANK7   BANK8   BANK9  BANK10  BANK11  BANK12  BANK13  BANK14  BANK15
      Params:         2       0       0       0       0       0       0       0       0       0       0       0       0       0       0       0       0
      Locals:         2       0       0       0       0       0       0       0       0       0       0       0       0       0       0       0       0
      Temps:          0       0       0       0       0       0       0       0       0       0       0       0       0       0       0       0       0
      Totals:         4       0       0       0       0       0       0       0       0       0       0       0       0       0       0       0       0
Total ram usage:        4 bytes
 Hardware stack levels used:    1
 Hardware stack levels required when called:    1
 This function calls:
		Nothing
 This function is called by:
		_main
		_GetBackonTrack
		_AllSensorsTriggered
 This function uses a non-reentrant model


 *************** function _MotorControl *****************
 Defined at:
		line 134 in file "../Robot Files/main.c"
 Parameters:    Size  Location     Type
  delta_veloci    2   42[COMRAM] int 
  speed_divide    1   44[COMRAM] unsigned char 
 Auto vars:     Size  Location     Type
  right_duty_c    2   50[COMRAM] int 
  left_duty_cy    2   48[COMRAM] int 
  right_dir_mo    1   47[COMRAM] enum E4173
  left_dir_mod    1   46[COMRAM] enum E4173
 Return value:  Size  Location     Type
		None               void
 Registers used:
		wreg, status,2, status,0, prodl, prodh, cstack
 Tracked objects:
		On entry : 
		On exit  : 
		Unchanged: 
 Data sizes:     COMRAM   BANK0   BANK1   BANK2   BANK3   BANK4   BANK5   BANK6   BANK7   BANK8   BANK9  BANK10  BANK11  BANK12  BANK13  BANK14  BANK15
      Params:         3       0       0       0       0       0       0       0       0       0       0       0       0       0       0       0       0
      Locals:         6       0       0       0       0       0       0       0       0       0       0       0       0       0       0       0       0
      Temps:          1       0       0       0       0       0       0       0       0       0       0       0       0       0       0       0       0
      Totals:        10       0       0       0       0       0       0       0       0       0       0       0       0       0       0       0       0
Total ram usage:       10 bytes
 Hardware stack levels used:    1
 Hardware stack levels required when called:    2
 This function calls:
		_SetDCPWM1
		_SetDCPWM2
		___awdiv
		___wmul
 This function is called by:
		_PID_LineFollowing
		_GetBackonTrack
		_SharpTurn
		_AllSensorsTriggered
 This function uses a non-reentrant model


 *************** function ___wmul *****************
 Defined at:
		line 15 in file "C:\Program Files (x86)\Microchip\xc8\v1.34\sources\common\Umul16.c"
 Parameters:    Size  Location     Type
  multiplier      2   28[COMRAM] unsigned int 
  multiplicand    2   30[COMRAM] unsigned int 
 Auto vars:     Size  Location     Type
  product         2   32[COMRAM] unsigned int 
 Return value:  Size  Location     Type
                  2   28[COMRAM] unsigned int 
 Registers used:
		wreg, status,2, status,0, prodl, prodh
 Tracked objects:
		On entry : 
		On exit  : 
		Unchanged: 
 Data sizes:     COMRAM   BANK0   BANK1   BANK2   BANK3   BANK4   BANK5   BANK6   BANK7   BANK8   BANK9  BANK10  BANK11  BANK12  BANK13  BANK14  BANK15
      Params:         4       0       0       0       0       0       0       0       0       0       0       0       0       0       0       0       0
      Locals:         2       0       0       0       0       0       0       0       0       0       0       0       0       0       0       0       0
      Temps:          0       0       0       0       0       0       0       0       0       0       0       0       0       0       0       0       0
      Totals:         6       0       0       0       0       0       0       0       0       0       0       0       0       0       0       0       0
Total ram usage:        6 bytes
 Hardware stack levels used:    1
 Hardware stack levels required when called:    1
 This function calls:
		Nothing
 This function is called by:
		_PID_LineFollowing
		_MotorControl
 This function uses a non-reentrant model


 *************** function ___awdiv *****************
 Defined at:
		line 8 in file "C:\Program Files (x86)\Microchip\xc8\v1.34\sources\common\awdiv.c"
 Parameters:    Size  Location     Type
  dividend        2   34[COMRAM] int 
  divisor         2   36[COMRAM] int 
 Auto vars:     Size  Location     Type
  quotient        2   40[COMRAM] int 
  sign            1   39[COMRAM] unsigned char 
  counter         1   38[COMRAM] unsigned char 
 Return value:  Size  Location     Type
                  2   34[COMRAM] int 
 Registers used:
		wreg, status,2, status,0
 Tracked objects:
		On entry : 
		On exit  : 
		Unchanged: 
 Data sizes:     COMRAM   BANK0   BANK1   BANK2   BANK3   BANK4   BANK5   BANK6   BANK7   BANK8   BANK9  BANK10  BANK11  BANK12  BANK13  BANK14  BANK15
      Params:         4       0       0       0       0       0       0       0       0       0       0       0       0       0       0       0       0
      Locals:         4       0       0       0       0       0       0       0       0       0       0       0       0       0       0       0       0
      Temps:          0       0       0       0       0       0       0       0       0       0       0       0       0       0       0       0       0
      Totals:         8       0       0       0       0       0       0       0       0       0       0       0       0       0       0       0       0
Total ram usage:        8 bytes
 Hardware stack levels used:    1
 Hardware stack levels required when called:    1
 This function calls:
		Nothing
 This function is called by:
		_MotorControl
 This function uses a non-reentrant model


 *************** function _SetDCPWM2 *****************
 Defined at:
		line 7 in file "C:\Program Files (x86)\Microchip\xc8\v1.34\sources\pic18\plib\PWM\pw2setdc.c"
 Parameters:    Size  Location     Type
  dutycycle       2   14[COMRAM] unsigned int 
 Auto vars:     Size  Location     Type
  DCycle          2   18[COMRAM] struct PWMDC
 Return value:  Size  Location     Type
		None               void
 Registers used:
		wreg, status,2, status,0
 Tracked objects:
		On entry : 
		On exit  : 
		Unchanged: 
 Data sizes:     COMRAM   BANK0   BANK1   BANK2   BANK3   BANK4   BANK5   BANK6   BANK7   BANK8   BANK9  BANK10  BANK11  BANK12  BANK13  BANK14  BANK15
      Params:         2       0       0       0       0       0       0       0       0       0       0       0       0       0       0       0       0
      Locals:         2       0       0       0       0       0       0       0       0       0       0       0       0       0       0       0       0
      Temps:          2       0       0       0       0       0       0       0       0       0       0       0       0       0       0       0       0
      Totals:         6       0       0       0       0       0       0       0       0       0       0       0       0       0       0       0       0
Total ram usage:        6 bytes
 Hardware stack levels used:    1
 Hardware stack levels required when called:    1
 This function calls:
		Nothing
 This function is called by:
		_MotorControl
		_initialization
		_motors_brake_all
 This function uses a non-reentrant model


 *************** function _SetDCPWM1 *****************
 Defined at:
		line 7 in file "C:\Program Files (x86)\Microchip\xc8\v1.34\sources\pic18\plib\PWM\pw1setdc.c"
 Parameters:    Size  Location     Type
  dutycycle       2   14[COMRAM] unsigned int 
 Auto vars:     Size  Location     Type
  DCycle          2   18[COMRAM] struct PWMDC
 Return value:  Size  Location     Type
		None               void
 Registers used:
		wreg, status,2, status,0
 Tracked objects:
		On entry : 
		On exit  : 
		Unchanged: 
 Data sizes:     COMRAM   BANK0   BANK1   BANK2   BANK3   BANK4   BANK5   BANK6   BANK7   BANK8   BANK9  BANK10  BANK11  BANK12  BANK13  BANK14  BANK15
      Params:         2       0       0       0       0       0       0       0       0       0       0       0       0       0       0       0       0
      Locals:         2       0       0       0       0       0       0       0       0       0       0       0       0       0       0       0       0
      Temps:          2       0       0       0       0       0       0       0       0       0       0       0       0       0       0       0       0
      Totals:         6       0       0       0       0       0       0       0       0       0       0       0       0       0       0       0       0
Total ram usage:        6 bytes
 Hardware stack levels used:    1
 Hardware stack levels required when called:    1
 This function calls:
		Nothing
 This function is called by:
		_MotorControl
		_initialization
		_motors_brake_all
 This function uses a non-reentrant model


 *************** function _high_isr *****************
 Defined at:
		line 24 in file "../Robot Files/interrupts.c"
 Parameters:    Size  Location     Type
		None
 Auto vars:     Size  Location     Type
		None
 Return value:  Size  Location     Type
		None               void
 Registers used:
		wreg, status,2
 Tracked objects:
		On entry : 
		On exit  : 
		Unchanged: 
 Data sizes:     COMRAM   BANK0   BANK1   BANK2   BANK3   BANK4   BANK5   BANK6   BANK7   BANK8   BANK9  BANK10  BANK11  BANK12  BANK13  BANK14  BANK15
      Params:         0       0       0       0       0       0       0       0       0       0       0       0       0       0       0       0       0
      Locals:         0       0       0       0       0       0       0       0       0       0       0       0       0       0       0       0       0
      Temps:         14       0       0       0       0       0       0       0       0       0       0       0       0       0       0       0       0
      Totals:        14       0       0       0       0       0       0       0       0       0       0       0       0       0       0       0       0
Total ram usage:       14 bytes
 Hardware stack levels used:    1
 This function calls:
		Nothing
 This function is called by:
		Interrupt level 2
 This function uses a non-reentrant model



MODULE INFORMATION

Module		Function		Class		Link	Load	Size
../Robot Files/main.c
		_GetBackonTrack		CODE           	1550	0000	345
		_main          		CODE           	16A8	0000	229
		_PID_LineFollow		CODE           	107A	0000	779
		_SharpTurn     		CODE           	19DA	0000	161
		_MotorControl  		CODE           	1384	0000	461
		_AllSensorsTrig		CODE           	1C9C	0000	115

../Robot Files/main.c estimated size: 2090

C:\Program Files (x86)\Microchip\xc8\v1.34\sources\pic18\plib\ADC\adcsetch.c
		_SetChanADC    		CODE           	21EC	0000	23

C:\Program Files (x86)\Microchip\xc8\v1.34\sources\pic18\plib\ADC\adcsetch.c estimated size: 23

C:\Program Files (x86)\Microchip\xc8\v1.34\sources\pic18\plib\reset\iswdtto.c
		_isWDTTO       		CODE           	207E	0000	39

C:\Program Files (x86)\Microchip\xc8\v1.34\sources\pic18\plib\reset\iswdtto.c estimated size: 39

C:\Program Files (x86)\Microchip\xc8\v1.34\sources\pic18\plib\ADC\adcbusy.c
		_BusyADC       		CODE           	2268	0000	15

C:\Program Files (x86)\Microchip\xc8\v1.34\sources\pic18\plib\ADC\adcbusy.c estimated size: 15

C:\Program Files (x86)\Microchip\xc8\v1.34\sources\pic18\plib\ADC\adcopen.c
		_OpenADC       		CODE           	1DE0	0000	95

C:\Program Files (x86)\Microchip\xc8\v1.34\sources\pic18\plib\ADC\adcopen.c estimated size: 95

C:\Program Files (x86)\Microchip\xc8\v1.34\sources\pic18\plib\USART\uopen.c
		_OpenUSART     		CODE           	1D0E	0000	113

C:\Program Files (x86)\Microchip\xc8\v1.34\sources\pic18\plib\USART\uopen.c estimated size: 113

C:\Program Files (x86)\Microchip\xc8\v1.34\sources\pic18\plib\Timers\t0open.c
		_OpenTimer0    		CODE           	210C	0000	33

C:\Program Files (x86)\Microchip\xc8\v1.34\sources\pic18\plib\Timers\t0open.c estimated size: 33

C:\Program Files (x86)\Microchip\xc8\v1.34\sources\common\lwmod.c
		___lwmod       		CODE           	1E9A	0000	77

C:\Program Files (x86)\Microchip\xc8\v1.34\sources\common\lwmod.c estimated size: 77

C:\Program Files (x86)\Microchip\xc8\v1.34\sources\common\putch.c
		_putch         		CODE           	22A4	0000	3

C:\Program Files (x86)\Microchip\xc8\v1.34\sources\common\putch.c estimated size: 3

C:\Program Files (x86)\Microchip\xc8\v1.34\sources\pic18\plib\PWM\pw2open.c
		_OpenPWM2      		CODE           	1F9C	0000	57

C:\Program Files (x86)\Microchip\xc8\v1.34\sources\pic18\plib\PWM\pw2open.c estimated size: 57

C:\Program Files (x86)\Microchip\xc8\v1.34\sources\pic18\plib\ADC\adcread.c
		_ReadADC       		CODE           	224A	0000	17

C:\Program Files (x86)\Microchip\xc8\v1.34\sources\pic18\plib\ADC\adcread.c estimated size: 17

../Robot Files/interrupts.c
		_high_isr      		CODE           	0008	0000	143
		_lvd_flag_set  		CODE           	2276	0000	7

../Robot Files/interrupts.c estimated size: 150

../Robot Files/sumovore.c
		_RESETtask     		CODE           	2186	0000	29
		_initialization		CODE           	1B10	0000	145
		_gtrap         		CODE           	1D7E	0000	99
		_openPORTCforPW		CODE           	225A	0000	15
		_adc           		CODE           	202E	0000	41
		_check_sensors 		CODE           	186A	0000	197
		_openPORTCforUS		CODE           	2288	0000	7
		_STKFULtask    		CODE           	214C	0000	31
		_LVtrap        		CODE           	212C	0000	33
		_set_leds      		CODE           	1BA0	0000	127
		_motors_brake_a		CODE           	20CA	0000	35
		_openPORTA     		CODE           	2294	0000	7
		_openPORTB     		CODE           	228E	0000	7
		_openPORTD     		CODE           	229A	0000	7
		_openPORTE     		CODE           	2282	0000	7
		_BORtask       		CODE           	20EC	0000	33
		_reset_codes   		CODE           	1EE6	0000	67
		_openLVD       		CODE           	21BE	0000	25
		_WDTtask       		CODE           	216A	0000	29
		_PORtask       		CODE           	192E	0000	173

../Robot Files/sumovore.c estimated size: 1114

C:\Program Files (x86)\Microchip\xc8\v1.34\sources\pic18\plib\reset\ispor.c
		_isPOR         		CODE           	20A4	0000	39

C:\Program Files (x86)\Microchip\xc8\v1.34\sources\pic18\plib\reset\ispor.c estimated size: 39

C:\Program Files (x86)\Microchip\xc8\v1.34\sources\pic18\plib\Timers\t0read.c
		_ReadTimer0    		CODE           	2226	0000	19

C:\Program Files (x86)\Microchip\xc8\v1.34\sources\pic18\plib\Timers\t0read.c estimated size: 19

shared
		_TURN_SPEED_DIV		SMALLCONST     	1009	0000	2
		_D_CONSTANT    		SMALLCONST     	1001	0000	3
		_I_CONSTANT    		SMALLCONST     	1003	0000	3
		_P_CONSTANT    		SMALLCONST     	1005	0000	3
		__initializatio		CODE           	2202	0000	13
		_TURN_TIME_ms  		SMALLCONST     	1007	0000	3

shared estimated size: 27

C:\Program Files (x86)\Microchip\xc8\v1.34\sources\pic18\plib\PWM\pw2setdc.c
		_SetDCPWM2     		CODE           	1F28	0000	59

C:\Program Files (x86)\Microchip\xc8\v1.34\sources\pic18\plib\PWM\pw2setdc.c estimated size: 59

C:\Program Files (x86)\Microchip\xc8\v1.34\sources\pic18\plib\ADC\adcconv.c
		_ConvertADC    		CODE           	22A0	0000	5

C:\Program Files (x86)\Microchip\xc8\v1.34\sources\pic18\plib\ADC\adcconv.c estimated size: 5

C:\Program Files (x86)\Microchip\xc8\v1.34\sources\pic18\plib\Timers\t0write.c
		_WriteTimer0   		CODE           	2238	0000	19

C:\Program Files (x86)\Microchip\xc8\v1.34\sources\pic18\plib\Timers\t0write.c estimated size: 19

C:\Program Files (x86)\Microchip\xc8\v1.34\sources\common\lwdiv.c
		___lwdiv       		CODE           	1E3E	0000	93

C:\Program Files (x86)\Microchip\xc8\v1.34\sources\common\lwdiv.c estimated size: 93

C:\Program Files (x86)\Microchip\xc8\v1.34\sources\common\awdiv.c
		___awdiv       		CODE           	1A7A	0000	151

C:\Program Files (x86)\Microchip\xc8\v1.34\sources\common\awdiv.c estimated size: 151

C:\Program Files (x86)\Microchip\xc8\v1.34\sources\common\aldiv.c
		___aldiv       		CODE           	178C	0000	223

C:\Program Files (x86)\Microchip\xc8\v1.34\sources\common\aldiv.c estimated size: 223

../Robot Files/osc.c
		_set_osc_32MHz 		CODE           	2002	0000	45

../Robot Files/osc.c estimated size: 45

C:\Program Files (x86)\Microchip\xc8\v1.34\sources\common\doprnt.c
		_printf        		CODE           	1FD4	0000	47

C:\Program Files (x86)\Microchip\xc8\v1.34\sources\common\doprnt.c estimated size: 47

C:\Program Files (x86)\Microchip\xc8\v1.34\sources\pic18\plib\PWM\pw1open.c
		_OpenPWM1      		CODE           	2214	0000	19

C:\Program Files (x86)\Microchip\xc8\v1.34\sources\pic18\plib\PWM\pw1open.c estimated size: 19

C:\Program Files (x86)\Microchip\xc8\v1.34\sources\pic18\plib\Timers\t2open.c
		_OpenTimer2    		CODE           	21A2	0000	29

C:\Program Files (x86)\Microchip\xc8\v1.34\sources\pic18\plib\Timers\t2open.c estimated size: 29

C:\Program Files (x86)\Microchip\xc8\v1.34\sources\pic18\plib\PWM\pw1setdc.c
		_SetDCPWM1     		CODE           	1F62	0000	59

C:\Program Files (x86)\Microchip\xc8\v1.34\sources\pic18\plib\PWM\pw1setdc.c estimated size: 59

C:\Program Files (x86)\Microchip\xc8\v1.34\sources\pic18\plib\reset\statrst.c
		_StatusReset   		CODE           	227C	0000	7

C:\Program Files (x86)\Microchip\xc8\v1.34\sources\pic18\plib\reset\statrst.c estimated size: 7

C:\Program Files (x86)\Microchip\xc8\v1.34\sources\common\Umul16.c
		___wmul        		CODE           	2056	0000	41

C:\Program Files (x86)\Microchip\xc8\v1.34\sources\common\Umul16.c estimated size: 41

C:\Program Files (x86)\Microchip\xc8\v1.34\sources\pic18\plib\reset\isbor.c
		_isBOR         		CODE           	21D6	0000	23

C:\Program Files (x86)\Microchip\xc8\v1.34\sources\pic18\plib\reset\isbor.c estimated size: 23

