Microchip MPLAB XC8 Compiler V1.34 ()

Linker command line:

-W-3 --edf=C:\Program Files (x86)\Microchip\xc8\v1.34\dat\en_msgs.txt -cs \
  -h+dist/default/production\Track_Following_Robot.X.production.sym \
  --cmf=dist/default/production\Track_Following_Robot.X.production.cmf -z \
  -Q18F4525 -oC:\Users\Anmol\AppData\Local\Temp\sc48.6 \
  -Mdist/default/production/Track_Following_Robot.X.production.map -E1 \
  -ver=XC8 -ASTACK=080h-0f7fh -pstack=STACK -ACODE=00h-0BFFFh \
  -ACONST=00h-0BFFFh -ASMALLCONST=01000h-010FFhx176 \
  -AMEDIUMCONST=01000h-0BFFFh -ACOMRAM=01h-07Fh -AABS1=00h-0F7Fh \
  -ABIGRAM=01h-0F7Fh -ARAM=080h-0FFh,0100h-01FFhx14,0F00h-0F7Fh \
  -ABANK0=080h-0FFh -ABANK1=0100h-01FFh -ABANK2=0200h-02FFh \
  -ABANK3=0300h-03FFh -ABANK4=0400h-04FFh -ABANK5=0500h-05FFh \
  -ABANK6=0600h-06FFh -ABANK7=0700h-07FFh -ABANK8=0800h-08FFh \
  -ABANK9=0900h-09FFh -ABANK10=0A00h-0AFFh -ABANK11=0B00h-0BFFh \
  -ABANK12=0C00h-0CFFh -ABANK13=0D00h-0DFFh -ABANK14=0E00h-0EFFh \
  -ABANK15=0F00h-0F7Fh -ASFR=0F80h-0FFFh \
  -preset_vec=00h,intcode=08h,intcodelo,powerup,init,end_init \
  -pramtop=01000h -psmallconst=SMALLCONST -pmediumconst=MEDIUMCONST \
  -pconst=CONST -AFARRAM=00h-00h -ACONFIG=0300000h-030000Dh -pconfig=CONFIG \
  -AIDLOC=0200000h-0200007h -pidloc=IDLOC -AEEDATA=0F00000h-0F003FFh \
  -peeprom_data=EEDATA \
  -prdata=COMRAM,nvrram=COMRAM,nvbit=COMRAM,rbss=COMRAM,rbit=COMRAM \
  -pfarbss=FARRAM,fardata=FARRAM,nvFARRAM=FARRAM \
  -pintsave_regs=BIGRAM,bigbss=BIGRAM,bigdata=BIGRAM -pbss=RAM \
  -pidata=CODE,irdata=CODE,ibigdata=CODE,ifardata=CODE -prparam=COMRAM \
  C:\Users\Anmol\AppData\Local\Temp\sc48.obj \
  dist/default/production\Track_Following_Robot.X.production.obj 

Object code version is 3.11

Machine type is 18F4525

Call graph: (short form)




                Name                               Link     Load   Length Selector   Space Scale
C:\Users\Anmol\AppData\Local\Temp\sc48.obj
                end_init                             18       18        4        4       0
                reset_vec                             0        0        4        0       0
                idloc                            200000   200000        8   200000       0
                config                           300000   300000        E   300000       0
dist/default/production\Track_Following_Robot.X.production.obj
                intcode                               8        8       10        4       0
                smallconst                         1000     1000       82      800       0
                intcode_body                       18CE     18CE       7E      841       0
                text46                             19BC     19BC       62      841       0
                text45                             1E58     1E58        6      841       0
                text44                             1E62     1E62        2      841       0
                text43                             1BC6     1BC6       2E      841       0
                text42                             1CFC     1CFC       20      841       0
                text41                             1CDC     1CDC       20      841       0
                text40                             1B54     1B54       3A      841       0
                text39                             1B1A     1B1A       3A      841       0
                text38                             172A     172A       96      841       0
                text37                             1C48     1C48       28      841       0
                text36                             1250     1250      190      841       0
                text35                             1A7C     1A7C       5C      841       0
                text34                             1082     1082      1CE      841       0
                text33                             14D0     14D0       EA      841       0
                text32                             1DF6     1DF6       12      841       0
                text31                             1E26     1E26        E      841       0
                text30                             1E5E     1E5E        4      841       0
                text29                             1E08     1E08       10      841       0
                text28                             1DBC     1DBC       16      841       0
                text27                             1C20     1C20       28      841       0
                text26                             15BA     15BA       C4      841       0
                text25                             1A1E     1A1E       5E      841       0
                text24                             1DE4     1DE4       12      841       0
                text23                             1B8E     1B8E       38      841       0
                text22                             1D72     1D72       1C      841       0
                text21                             194C     194C       70      841       0
                text20                             1D8E     1D8E       18      841       0
                text19                             1E52     1E52        6      841       0
                text18                             1E4C     1E4C        6      841       0
                text17                             1E18     1E18        E      841       0
                text16                             1E46     1E46        6      841       0
                text15                             1E40     1E40        6      841       0
                text14                             1E3A     1E3A        6      841       0
                text13                             1CBC     1CBC       20      841       0
                text12                             167E     167E       AC      841       0
                text11                             1D56     1D56       1C      841       0
                text10                             1D1C     1D1C       1E      841       0
                text9                              1D3A     1D3A       1C      841       0
                text8                              1DA6     1DA6       16      841       0
                text7                              1C96     1C96       26      841       0
                text6                              1C70     1C70       26      841       0
                text5                              1AD8     1AD8       42      841       0
                text4                              1BF4     1BF4       2C      841       0
                text3                              17C0     17C0       90      841       0
                text2                              1E34     1E34        6      841       0
                text1                              1850     1850       7E      841       0
                text0                              13E0     13E0       F0      841       0
                cstackCOMRAM                          1        1       2C        1       1
                bssCOMRAM                            2D       2D        F        1       1
                cinit                              1DD2     1DD2       12      841       0

TOTAL           Name                               Link     Load   Length     Space
        CLASS   STACK          

        CLASS   CODE           
                end_init                             18       18        4         0
                intcode                               8        8       10         0
                reset_vec                             0        0        4         0
                intcode_body                       18CE     18CE       7E         0
                text46                             19BC     19BC       62         0
                text45                             1E58     1E58        6         0
                text44                             1E62     1E62        2         0
                text43                             1BC6     1BC6       2E         0
                text42                             1CFC     1CFC       20         0
                text41                             1CDC     1CDC       20         0
                text40                             1B54     1B54       3A         0
                text39                             1B1A     1B1A       3A         0
                text38                             172A     172A       96         0
                text37                             1C48     1C48       28         0
                text36                             1250     1250      190         0
                text35                             1A7C     1A7C       5C         0
                text34                             1082     1082      1CE         0
                text33                             14D0     14D0       EA         0
                text32                             1DF6     1DF6       12         0
                text31                             1E26     1E26        E         0
                text30                             1E5E     1E5E        4         0
                text29                             1E08     1E08       10         0
                text28                             1DBC     1DBC       16         0
                text27                             1C20     1C20       28         0
                text26                             15BA     15BA       C4         0
                text25                             1A1E     1A1E       5E         0
                text24                             1DE4     1DE4       12         0
                text23                             1B8E     1B8E       38         0
                text22                             1D72     1D72       1C         0
                text21                             194C     194C       70         0
                text20                             1D8E     1D8E       18         0
                text19                             1E52     1E52        6         0
                text18                             1E4C     1E4C        6         0
                text17                             1E18     1E18        E         0
                text16                             1E46     1E46        6         0
                text15                             1E40     1E40        6         0
                text14                             1E3A     1E3A        6         0
                text13                             1CBC     1CBC       20         0
                text12                             167E     167E       AC         0
                text11                             1D56     1D56       1C         0
                text10                             1D1C     1D1C       1E         0
                text9                              1D3A     1D3A       1C         0
                text8                              1DA6     1DA6       16         0
                text7                              1C96     1C96       26         0
                text6                              1C70     1C70       26         0
                text5                              1AD8     1AD8       42         0
                text4                              1BF4     1BF4       2C         0
                text3                              17C0     17C0       90         0
                text2                              1E34     1E34        6         0
                text1                              1850     1850       7E         0
                text0                              13E0     13E0       F0         0
                cinit                              1DD2     1DD2       12         0

        CLASS   CONST          

        CLASS   SMALLCONST     
                smallconst                         1000     1000       82         0

        CLASS   MEDIUMCONST    

        CLASS   COMRAM         
                cstackCOMRAM                          1        1       2C         1
                bssCOMRAM                            2D       2D        F         1

        CLASS   ABS1           

        CLASS   BIGRAM         

        CLASS   RAM            

        CLASS   BANK0          

        CLASS   BANK1          

        CLASS   BANK2          

        CLASS   BANK3          

        CLASS   BANK4          

        CLASS   BANK5          

        CLASS   BANK6          

        CLASS   BANK7          

        CLASS   BANK8          

        CLASS   BANK9          

        CLASS   BANK10         

        CLASS   BANK11         

        CLASS   BANK12         

        CLASS   BANK13         

        CLASS   BANK14         

        CLASS   BANK15         

        CLASS   SFR            

        CLASS   FARRAM         

        CLASS   CONFIG         
                config                           300000   300000        E         0

        CLASS   IDLOC          
                idloc                            200000   200000        8         0

        CLASS   EEDATA         



SEGMENTS        Name                           Load    Length   Top    Selector   Space  Class

                reset_vec                      000000  000004  000004         0       0  CODE    
                cstackCOMRAM                   000001  00003B  00003C         1       1  COMRAM  
                intcode                        000008  000014  00001C         4       0  CODE    
                smallconst                     001000  000082  001082       800       0  SMALLCON
                text34                         001082  000DE2  001E64       841       0  CODE    
                idloc                          200000  000008  200008    200000       0  IDLOC   
                config                         300000  00000E  30000E    300000       0  CONFIG  


UNUSED ADDRESS RANGES

        Name                Unused          Largest block    Delta
        BANK0            000080-0000FF               80
        BANK1            000100-0001FF              100
        BANK10           000A00-000AFF              100
        BANK11           000B00-000BFF              100
        BANK12           000C00-000CFF              100
        BANK13           000D00-000DFF              100
        BANK14           000E00-000EFF              100
        BANK15           000F00-000F7F               80
        BANK2            000200-0002FF              100
        BANK3            000300-0003FF              100
        BANK4            000400-0004FF              100
        BANK5            000500-0005FF              100
        BANK6            000600-0006FF              100
        BANK7            000700-0007FF              100
        BANK8            000800-0008FF              100
        BANK9            000900-0009FF              100
        BIGRAM           00003C-000F7F              F44
        CODE             000004-000007                4
                         00001C-000FFF              FE4
                         001E64-00BFFF             A19C
        COMRAM           00003C-00007F               44
        CONST            000004-000007                4
                         00001C-000FFF              FE4
                         001E64-00BFFF             A19C
        EEDATA           F00000-F003FF              400
        MEDIUMCONST      001E64-00BFFF             A19C
        RAM              000080-000F7F              100
        SFR              000F80-000FFF               80
        SMALLCONST       001E64-00BFFF              100
        STACK            000080-000F7F              F00

                                  Symbol Table

?_ReadADC                            cstackCOMRAM 00000F
?___awdiv                            cstackCOMRAM 000015
?___lwdiv                            cstackCOMRAM 000015
?___wmul                             cstackCOMRAM 00000F
?_adc                                cstackCOMRAM 000013
?_printf                             cstackCOMRAM 00000F
MotorControl@delta_velocity          cstackCOMRAM 00001D
MotorControl@left_dir_modifier       cstackCOMRAM 000020
MotorControl@left_duty_cycle         cstackCOMRAM 000022
MotorControl@right_dir_modifier      cstackCOMRAM 000021
MotorControl@right_duty_cycle        cstackCOMRAM 000024
OpenADC@config                       cstackCOMRAM 000013
OpenADC@config2                      cstackCOMRAM 00000F
OpenADC@portconfig                   cstackCOMRAM 000010
OpenPWM1@period                      cstackCOMRAM 00000F
OpenPWM2@ccp2mx                      cstackCOMRAM 000010
OpenPWM2@period                      cstackCOMRAM 00000F
OpenTimer0@config                    cstackCOMRAM 00000F
OpenTimer2@config                    cstackCOMRAM 00000F
OpenUSART@config                     cstackCOMRAM 000011
OpenUSART@spbrg                      cstackCOMRAM 00000F
PID_LineFollowing@D                  bssCOMRAM    00002D
PID_LineFollowing@P                  bssCOMRAM    000039
PID_LineFollowing@delta_velocity     bssCOMRAM    00002F
PID_LineFollowing@error              cstackCOMRAM 000026
PORtask@count1                       cstackCOMRAM 000014
PORtask@count2                       cstackCOMRAM 000018
SetChanADC@channel                   cstackCOMRAM 000010
SetDCPWM1@DCycle                     cstackCOMRAM 000013
SetDCPWM1@dutycycle                  cstackCOMRAM 00000F
SetDCPWM2@DCycle                     cstackCOMRAM 000013
SetDCPWM2@dutycycle                  cstackCOMRAM 00000F
SharpTurn@delta_velocity             cstackCOMRAM 000029
SharpTurn@direction                  cstackCOMRAM 000028
WriteTimer0@timer                    cstackCOMRAM 000011
WriteTimer0@timer0                   cstackCOMRAM 00000F
_ADCON0                              (abs)        000FC2
_ADCON0bits                          (abs)        000FC2
_ADCON1                              (abs)        000FC1
_ADCON2                              (abs)        000FC0
_ADRESH                              (abs)        000FC4
_ADRESL                              (abs)        000FC3
_BORtask                             text13       001CBC
_BusyADC                             text31       001E26
_CCP1CON                             (abs)        000FBD
_CCP2CON                             (abs)        000FBA
_CCPR1L                              (abs)        000FBE
_CCPR2L                              (abs)        000FBB
_ConvertADC                          text30       001E5E
_D_CONSTANT                          smallconst   00100F
_HLVDCONbits                         (abs)        000FD2
_I                                   bssCOMRAM    000031
_INTCONbits                          (abs)        000FF2
_IPR2bits                            (abs)        000FA2
_I_CONSTANT                          smallconst   001010
_LVtrap                              text42       001CFC
_MotorControl                        text36       001250
_OSCCONbits                          (abs)        000FD3
_OSCTUNEbits                         (abs)        000F9B
_OpenADC                             text25       001A1E
_OpenPWM1                            text24       001DE4
_OpenPWM2                            text23       001B8E
_OpenTimer0                          text41       001CDC
_OpenTimer2                          text22       001D72
_OpenUSART                           text21       00194C
_PID_LineFollowing                   text34       001082
_PIE1bits                            (abs)        000F9D
_PIE2bits                            (abs)        000FA0
_PIR1bits                            (abs)        000F9E
_PIR2bits                            (abs)        000FA1
_PORTCbits                           (abs)        000F82
_PORTD                               (abs)        000F83
_PORTDbits                           (abs)        000F83
_PORTEbits                           (abs)        000F84
_PORtask                             text12       00167E
_PR2                                 (abs)        000FCB
_P_CONSTANT                          smallconst   001011
_RCONbits                            (abs)        000FD0
_RCSTA                               (abs)        000FAB
_RCSTAbits                           (abs)        000FAB
_RESETtask                           text11       001D56
_ReadADC                             text29       001E08
_SPBRG                               (abs)        000FAF
_SPBRGH                              (abs)        000FB0
_STKFULtask                          text10       001D1C
_STKPTRbits                          (abs)        000FFC
_SeeLine                             bssCOMRAM    00003A
_SetChanADC                          text28       001DBC
_SetDCPWM1                           text40       001B54
_SetDCPWM2                           text39       001B1A
_SharpTurn                           text33       0014D0
_SharpTurn$3069                      cstackCOMRAM 000026
_StatusReset                         text14       001E3A
_T0CON                               (abs)        000FD5
_T0CONbits                           (abs)        000FD5
_T2CON                               (abs)        000FCA
_T2CONbits                           (abs)        000FCA
_TMR0H                               (abs)        000FD7
_TMR0IF                              (abs)        007F92
_TMR0L                               (abs)        000FD6
_TMR2                                (abs)        000FCC
_TRISA                               (abs)        000F92
_TRISB                               (abs)        000F93
_TRISBbits                           (abs)        000F93
_TRISC                               (abs)        000F94
_TRISCbits                           (abs)        000F94
_TRISD                               (abs)        000F95
_TRISE                               (abs)        000F96
_TXSTA                               (abs)        000FAC
_TXSTAbits                           (abs)        000FAC
_WDTtask                             text9        001D3A
_WriteTimer0                         text32       001DF6
__CFG_BOREN$ON                       (abs)        000000
__CFG_BORV$0                         (abs)        000000
__CFG_LVP$OFF                        (abs)        000000
__CFG_MCLRE$OFF                      (abs)        000000
__CFG_OSC$INTIO67                    (abs)        000000
__CFG_STVREN$ON                      (abs)        000000
__CFG_WDT$OFF                        (abs)        000000
__CFG_WDTPS$8                        (abs)        000000
__HRAM                               (abs)        000000
__Habs1                              abs1         000000
__Hbank0                             bank0        000000
__Hbank1                             bank1        000000
__Hbank10                            bank10       000000
__Hbank11                            bank11       000000
__Hbank12                            bank12       000000
__Hbank13                            bank13       000000
__Hbank14                            bank14       000000
__Hbank15                            bank15       000000
__Hbank2                             bank2        000000
__Hbank3                             bank3        000000
__Hbank4                             bank4        000000
__Hbank5                             bank5        000000
__Hbank6                             bank6        000000
__Hbank7                             bank7        000000
__Hbank8                             bank8        000000
__Hbank9                             bank9        000000
__Hbigbss                            bigbss       000000
__Hbigdata                           bigdata      000000
__Hbigram                            bigram       000000
__Hbss                               bss          000000
__HbssCOMRAM                         bssCOMRAM    000000
__Hcinit                             cinit        000000
__Hclrtext                           clrtext      000000
__Hcomram                            comram       000000
__Hconfig                            config       30000E
__Hconst                             const        000000
__HcstackCOMRAM                      cstackCOMRAM 000000
__Hdata                              data         000000
__Heeprom_data                       eeprom_data  000000
__Hend_init                          end_init     00001C
__Hfarbss                            farbss       000000
__Hfardata                           fardata      000000
__Hibigdata                          ibigdata     000000
__Hidata                             idata        000000
__Hidloc                             idloc        200008
__Hifardata                          ifardata     000000
__Hinit                              init         000018
__Hintcode                           intcode      000018
__Hintcode_body                      intcode_body 000000
__Hintcodelo                         intcodelo    000018
__Hintentry                          intentry     000000
__Hintret                            intret       000000
__Hintsave_regs                      intsave_regs 000000
__Hirdata                            irdata       000000
__Hmediumconst                       mediumconst  000000
__HnvFARRAM                          nvFARRAM     000000
__Hnvbit                             nvbit        000000
__Hnvrram                            nvrram       000000
__Hparam                             rparam       000000
__Hpowerup                           powerup      000018
__Hram                               ram          000000
__Hramtop                            ramtop       001000
__Hrbit                              rbit         000000
__Hrbss                              rbss         000000
__Hrdata                             rdata        000000
__Hreset_vec                         reset_vec    000004
__Hrparam                            rparam       000000
__Hsfr                               sfr          000000
__Hsmallconst                        smallconst   001082
__Hspace_0                           (abs)        30000E
__Hspace_1                           (abs)        00003C
__Hspace_2                           (abs)        000000
__Hstack                             stack        000000
__Hstruct                            struct       000000
__Htemp                              temp         000000
__Htext                              text         000000
__Htext0                             text0        000000
__Htext1                             text1        000000
__Htext10                            text10       000000
__Htext11                            text11       000000
__Htext12                            text12       000000
__Htext13                            text13       000000
__Htext14                            text14       000000
__Htext15                            text15       000000
__Htext16                            text16       000000
__Htext17                            text17       000000
__Htext18                            text18       000000
__Htext19                            text19       000000
__Htext2                             text2        000000
__Htext20                            text20       000000
__Htext21                            text21       000000
__Htext22                            text22       000000
__Htext23                            text23       000000
__Htext24                            text24       000000
__Htext25                            text25       000000
__Htext26                            text26       000000
__Htext27                            text27       000000
__Htext28                            text28       000000
__Htext29                            text29       000000
__Htext3                             text3        000000
__Htext30                            text30       000000
__Htext31                            text31       000000
__Htext32                            text32       000000
__Htext33                            text33       000000
__Htext34                            text34       000000
__Htext35                            text35       000000
__Htext36                            text36       000000
__Htext37                            text37       000000
__Htext38                            text38       000000
__Htext39                            text39       000000
__Htext4                             text4        000000
__Htext40                            text40       000000
__Htext41                            text41       000000
__Htext42                            text42       000000
__Htext43                            text43       000000
__Htext44                            text44       000000
__Htext45                            text45       000000
__Htext46                            text46       000000
__Htext5                             text5        000000
__Htext6                             text6        000000
__Htext7                             text7        000000
__Htext8                             text8        000000
__Htext9                             text9        000000
__LRAM                               (abs)        000001
__Labs1                              abs1         000000
__Lbank0                             bank0        000000
__Lbank1                             bank1        000000
__Lbank10                            bank10       000000
__Lbank11                            bank11       000000
__Lbank12                            bank12       000000
__Lbank13                            bank13       000000
__Lbank14                            bank14       000000
__Lbank15                            bank15       000000
__Lbank2                             bank2        000000
__Lbank3                             bank3        000000
__Lbank4                             bank4        000000
__Lbank5                             bank5        000000
__Lbank6                             bank6        000000
__Lbank7                             bank7        000000
__Lbank8                             bank8        000000
__Lbank9                             bank9        000000
__Lbigbss                            bigbss       000000
__Lbigdata                           bigdata      000000
__Lbigram                            bigram       000000
__Lbss                               bss          000000
__LbssCOMRAM                         bssCOMRAM    000000
__Lcinit                             cinit        000000
__Lclrtext                           clrtext      000000
__Lcomram                            comram       000000
__Lconfig                            config       300000
__Lconst                             const        000000
__LcstackCOMRAM                      cstackCOMRAM 000000
__Ldata                              data         000000
__Leeprom_data                       eeprom_data  000000
__Lend_init                          end_init     000018
__Lfarbss                            farbss       000000
__Lfardata                           fardata      000000
__Libigdata                          ibigdata     000000
__Lidata                             idata        000000
__Lidloc                             idloc        200000
__Lifardata                          ifardata     000000
__Linit                              init         000018
__Lintcode                           intcode      000008
__Lintcode_body                      intcode_body 000000
__Lintcodelo                         intcodelo    000018
__Lintentry                          intentry     000000
__Lintret                            intret       000000
__Lintsave_regs                      intsave_regs 000000
__Lirdata                            irdata       000000
__Lmediumconst                       mediumconst  000000
__LnvFARRAM                          nvFARRAM     000000
__Lnvbit                             nvbit        000000
__Lnvrram                            nvrram       000000
__Lparam                             rparam       000000
__Lpowerup                           powerup      000018
__Lram                               ram          000000
__Lramtop                            ramtop       001000
__Lrbit                              rbit         000000
__Lrbss                              rbss         000000
__Lrdata                             rdata        000000
__Lreset_vec                         reset_vec    000000
__Lrparam                            rparam       000000
__Lsfr                               sfr          000000
__Lsmallconst                        smallconst   001000
__Lspace_0                           (abs)        000000
__Lspace_1                           (abs)        000000
__Lspace_2                           (abs)        000000
__Lstack                             stack        000000
__Lstruct                            struct       000000
__Ltemp                              temp         000000
__Ltext                              text         000000
__Ltext0                             text0        000000
__Ltext1                             text1        000000
__Ltext10                            text10       000000
__Ltext11                            text11       000000
__Ltext12                            text12       000000
__Ltext13                            text13       000000
__Ltext14                            text14       000000
__Ltext15                            text15       000000
__Ltext16                            text16       000000
__Ltext17                            text17       000000
__Ltext18                            text18       000000
__Ltext19                            text19       000000
__Ltext2                             text2        000000
__Ltext20                            text20       000000
__Ltext21                            text21       000000
__Ltext22                            text22       000000
__Ltext23                            text23       000000
__Ltext24                            text24       000000
__Ltext25                            text25       000000
__Ltext26                            text26       000000
__Ltext27                            text27       000000
__Ltext28                            text28       000000
__Ltext29                            text29       000000
__Ltext3                             text3        000000
__Ltext30                            text30       000000
__Ltext31                            text31       000000
__Ltext32                            text32       000000
__Ltext33                            text33       000000
__Ltext34                            text34       000000
__Ltext35                            text35       000000
__Ltext36                            text36       000000
__Ltext37                            text37       000000
__Ltext38                            text38       000000
__Ltext39                            text39       000000
__Ltext4                             text4        000000
__Ltext40                            text40       000000
__Ltext41                            text41       000000
__Ltext42                            text42       000000
__Ltext43                            text43       000000
__Ltext44                            text44       000000
__Ltext45                            text45       000000
__Ltext46                            text46       000000
__Ltext5                             text5        000000
__Ltext6                             text6        000000
__Ltext7                             text7        000000
__Ltext8                             text8        000000
__Ltext9                             text9        000000
__S0                                 (abs)        30000E
__S1                                 (abs)        00003C
__S2                                 (abs)        000000
___awdiv                             text38       00172A
___awdiv@counter                     cstackCOMRAM 000019
___awdiv@dividend                    cstackCOMRAM 000015
___awdiv@divisor                     cstackCOMRAM 000017
___awdiv@quotient                    cstackCOMRAM 00001B
___awdiv@sign                        cstackCOMRAM 00001A
___inthi_sp                          stack        000000
___intlo_sp                          stack        000000
___lwdiv                             text35       001A7C
___lwdiv@counter                     cstackCOMRAM 00001B
___lwdiv@dividend                    cstackCOMRAM 000015
___lwdiv@divisor                     cstackCOMRAM 000017
___lwdiv@quotient                    cstackCOMRAM 000019
___param_bank                        (abs)        000010
___rparam_used                       (abs)        000001
___sp                                stack        000000
___wmul                              text37       001C48
___wmul@multiplicand                 cstackCOMRAM 000011
___wmul@multiplier                   cstackCOMRAM 00000F
___wmul@product                      cstackCOMRAM 000013
__accesstop                          (abs)        000080
__activetblptr                       (abs)        000003
__end_of_BORtask                     text13       001CDC
__end_of_BusyADC                     text31       001E34
__end_of_ConvertADC                  text30       001E62
__end_of_D_CONSTANT                  smallconst   001010
__end_of_I_CONSTANT                  smallconst   001011
__end_of_LVtrap                      text42       001D1C
__end_of_MotorControl                text36       0013E0
__end_of_OpenADC                     text25       001A7C
__end_of_OpenPWM1                    text24       001DF6
__end_of_OpenPWM2                    text23       001BC6
__end_of_OpenTimer0                  text41       001CFC
__end_of_OpenTimer2                  text22       001D8E
__end_of_OpenUSART                   text21       0019BC
__end_of_PID_LineFollowing           text34       001250
__end_of_PORtask                     text12       00172A
__end_of_P_CONSTANT                  smallconst   001012
__end_of_RESETtask                   text11       001D72
__end_of_ReadADC                     text29       001E18
__end_of_STKFULtask                  text10       001D3A
__end_of_SetChanADC                  text28       001DD2
__end_of_SetDCPWM1                   text40       001B8E
__end_of_SetDCPWM2                   text39       001B54
__end_of_SharpTurn                   text33       0015BA
__end_of_StatusReset                 text14       001E40
__end_of_WDTtask                     text9        001D56
__end_of_WriteTimer0                 text32       001E08
__end_of___awdiv                     text38       0017C0
__end_of___lwdiv                     text35       001AD8
__end_of___wmul                      text37       001C70
__end_of__initialization             cinit        001DDE
__end_of_adc                         text27       001C48
__end_of_check_sensors               text26       00167E
__end_of_gtrap                       text46       001A1E
__end_of_high_isr                    intcode_body 00194C
__end_of_initialization              text3        001850
__end_of_isBOR                       text8        001DBC
__end_of_isPOR                       text7        001CBC
__end_of_isWDTTO                     text6        001C96
__end_of_lvd_flag_set                text2        001E3A
__end_of_main                        text0        0014D0
__end_of_openLVD                     text20       001DA6
__end_of_openPORTA                   text19       001E58
__end_of_openPORTB                   text18       001E52
__end_of_openPORTCforPWM             text17       001E26
__end_of_openPORTCforUSART           text16       001E4C
__end_of_openPORTD                   text45       001E5E
__end_of_openPORTE                   text15       001E46
__end_of_printf                      text43       001BF4
__end_of_putch                       text44       001E64
__end_of_reset_codes                 text5        001B1A
__end_of_set_leds                    text1        0018CE
__end_of_set_osc_32MHz               text4        001C20
__end_ofset_motor_speed@motor_speeds smallconst   00100F
__initialization                     cinit        001DD2
__mediumconst                        mediumconst  000000
__pbssCOMRAM                         bssCOMRAM    00002D
__pcinit                             cinit        001DD2
__pcstackCOMRAM                      cstackCOMRAM 000001
__pintcode                           intcode      000008
__pintcode_body                      intcode_body 0018CE
__psmallconst                        smallconst   001000
__ptext0                             text0        0013E0
__ptext1                             text1        001850
__ptext10                            text10       001D1C
__ptext11                            text11       001D56
__ptext12                            text12       00167E
__ptext13                            text13       001CBC
__ptext14                            text14       001E3A
__ptext15                            text15       001E40
__ptext16                            text16       001E46
__ptext17                            text17       001E18
__ptext18                            text18       001E4C
__ptext19                            text19       001E52
__ptext2                             text2        001E34
__ptext20                            text20       001D8E
__ptext21                            text21       00194C
__ptext22                            text22       001D72
__ptext23                            text23       001B8E
__ptext24                            text24       001DE4
__ptext25                            text25       001A1E
__ptext26                            text26       0015BA
__ptext27                            text27       001C20
__ptext28                            text28       001DBC
__ptext29                            text29       001E08
__ptext3                             text3        0017C0
__ptext30                            text30       001E5E
__ptext31                            text31       001E26
__ptext32                            text32       001DF6
__ptext33                            text33       0014D0
__ptext34                            text34       001082
__ptext35                            text35       001A7C
__ptext36                            text36       001250
__ptext37                            text37       001C48
__ptext38                            text38       00172A
__ptext39                            text39       001B1A
__ptext4                             text4        001BF4
__ptext40                            text40       001B54
__ptext41                            text41       001CDC
__ptext42                            text42       001CFC
__ptext43                            text43       001BC6
__ptext44                            text44       001E62
__ptext45                            text45       001E58
__ptext46                            text46       0019BC
__ptext5                             text5        001AD8
__ptext6                             text6        001C70
__ptext7                             text7        001C96
__ptext8                             text8        001DA6
__ptext9                             text9        001D3A
__ramtop                             ramtop       001000
__size_of_BORtask                    (abs)        000000
__size_of_BusyADC                    (abs)        000000
__size_of_ConvertADC                 (abs)        000000
__size_of_LVtrap                     (abs)        000000
__size_of_MotorControl               (abs)        000000
__size_of_OpenADC                    (abs)        000000
__size_of_OpenPWM1                   (abs)        000000
__size_of_OpenPWM2                   (abs)        000000
__size_of_OpenTimer0                 (abs)        000000
__size_of_OpenTimer2                 (abs)        000000
__size_of_OpenUSART                  (abs)        000000
__size_of_PID_LineFollowing          (abs)        000000
__size_of_PORtask                    (abs)        000000
__size_of_RESETtask                  (abs)        000000
__size_of_ReadADC                    (abs)        000000
__size_of_STKFULtask                 (abs)        000000
__size_of_SetChanADC                 (abs)        000000
__size_of_SetDCPWM1                  (abs)        000000
__size_of_SetDCPWM2                  (abs)        000000
__size_of_SharpTurn                  (abs)        000000
__size_of_StatusReset                (abs)        000000
__size_of_WDTtask                    (abs)        000000
__size_of_WriteTimer0                (abs)        000000
__size_of___awdiv                    (abs)        000000
__size_of___lwdiv                    (abs)        000000
__size_of___wmul                     (abs)        000000
__size_of_adc                        (abs)        000000
__size_of_check_sensors              (abs)        000000
__size_of_gtrap                      (abs)        000000
__size_of_high_isr                   (abs)        000000
__size_of_initialization             (abs)        000000
__size_of_isBOR                      (abs)        000000
__size_of_isPOR                      (abs)        000000
__size_of_isWDTTO                    (abs)        000000
__size_of_lvd_flag_set               (abs)        000000
__size_of_main                       (abs)        000000
__size_of_openLVD                    (abs)        000000
__size_of_openPORTA                  (abs)        000000
__size_of_openPORTB                  (abs)        000000
__size_of_openPORTCforPWM            (abs)        000000
__size_of_openPORTCforUSART          (abs)        000000
__size_of_openPORTD                  (abs)        000000
__size_of_openPORTE                  (abs)        000000
__size_of_printf                     (abs)        000000
__size_of_putch                      (abs)        000000
__size_of_reset_codes                (abs)        000000
__size_of_set_leds                   (abs)        000000
__size_of_set_osc_32MHz              (abs)        000000
__smallconst                         smallconst   001000
_adc                                 text27       001C20
_check_sensors                       text26       0015BA
_flag_count                          bssCOMRAM    000033
_gtrap                               text46       0019BC
_high_isr                            intcode      000008
_initialization                      text3        0017C0
_isBOR                               text8        001DA6
_isPOR                               text7        001C96
_isWDTTO                             text6        001C70
_lvd_flag                            bssCOMRAM    00003B
_lvd_flag_set                        text2        001E34
_main                                text0        0013E0
_openLVD                             text20       001D8E
_openPORTA                           text19       001E52
_openPORTB                           text18       001E4C
_openPORTCforPWM                     text17       001E18
_openPORTCforUSART                   text16       001E46
_openPORTD                           text45       001E58
_openPORTE                           text15       001E40
_printf                              text43       001BC6
_putch                               text44       001E62
_reset_codes                         text5        001AD8
_set_leds                            text1        001850
_set_osc_32MHz                       text4        001BF4
_threshold                           bssCOMRAM    000035
adc@channel                          cstackCOMRAM 000015
end_of_initialization                cinit        001DDE
gtrap@count                          cstackCOMRAM 00000F
int_func                             intcode_body 0018CE
intlevel0                            text         000000
intlevel1                            text         000000
intlevel2                            text         000000
intlevel3                            text         000000
main@F4185                           bssCOMRAM    000037
main@error                           cstackCOMRAM 00002B
printf@ap                            cstackCOMRAM 000011
printf@c                             cstackCOMRAM 000013
printf@f                             cstackCOMRAM 00000F
set_motor_speed@motor_speeds         smallconst   001001
set_osc_32MHz@i                      cstackCOMRAM 00000F
stackhi                              (abs)        000F7F
stacklo                              (abs)        000080
start                                init         000018
start_initialization                 cinit        001DD2


FUNCTION INFORMATION:

 *************** function _main *****************
 Defined at:
		line 21 in file "../Robot Files/main.c"
 Parameters:    Size  Location     Type
		None
 Auto vars:     Size  Location     Type
  error           2   42[COMRAM] char [2]
 Return value:  Size  Location     Type
		None               void
 Registers used:
		wreg, fsr1l, fsr1h, fsr2l, fsr2h, status,2, status,0, tblptrl, tblptrh, tblptru, prodl, prodh, cstack
 Tracked objects:
		On entry : 
		On exit  : 
		Unchanged: 
 Data sizes:     COMRAM   BANK0   BANK1   BANK2   BANK3   BANK4   BANK5   BANK6   BANK7   BANK8   BANK9  BANK10  BANK11  BANK12  BANK13  BANK14  BANK15
      Params:         0       0       0       0       0       0       0       0       0       0       0       0       0       0       0       0       0
      Locals:         2       0       0       0       0       0       0       0       0       0       0       0       0       0       0       0       0
      Temps:          0       0       0       0       0       0       0       0       0       0       0       0       0       0       0       0       0
      Totals:         2       0       0       0       0       0       0       0       0       0       0       0       0       0       0       0       0
Total ram usage:        2 bytes
 Hardware stack levels required when called:    6
 This function calls:
		_LVtrap
		_OpenTimer0
		_PID_LineFollowing
		_SharpTurn
		_WriteTimer0
		_check_sensors
		_initialization
		_lvd_flag_set
		_printf
		_set_leds
 This function is called by:
		Startup code after reset
 This function uses a non-reentrant model


 *************** function _set_leds *****************
 Defined at:
		line 255 in file "../Robot Files/sumovore.c"
 Parameters:    Size  Location     Type
		None
 Auto vars:     Size  Location     Type
		None
 Return value:  Size  Location     Type
		None               void
 Registers used:
		wreg, status,2, status,0
 Tracked objects:
		On entry : 
		On exit  : 
		Unchanged: 
 Data sizes:     COMRAM   BANK0   BANK1   BANK2   BANK3   BANK4   BANK5   BANK6   BANK7   BANK8   BANK9  BANK10  BANK11  BANK12  BANK13  BANK14  BANK15
      Params:         0       0       0       0       0       0       0       0       0       0       0       0       0       0       0       0       0
      Locals:         0       0       0       0       0       0       0       0       0       0       0       0       0       0       0       0       0
      Temps:          1       0       0       0       0       0       0       0       0       0       0       0       0       0       0       0       0
      Totals:         1       0       0       0       0       0       0       0       0       0       0       0       0       0       0       0       0
Total ram usage:        1 bytes
 Hardware stack levels used:    1
 Hardware stack levels required when called:    1
 This function calls:
		Nothing
 This function is called by:
		_main
 This function uses a non-reentrant model


 *************** function _lvd_flag_set *****************
 Defined at:
		line 47 in file "../Robot Files/interrupts.c"
 Parameters:    Size  Location     Type
		None
 Auto vars:     Size  Location     Type
		None
 Return value:  Size  Location     Type
                  1    wreg      unsigned char 
 Registers used:
		wreg, status,2
 Tracked objects:
		On entry : 
		On exit  : 
		Unchanged: 
 Data sizes:     COMRAM   BANK0   BANK1   BANK2   BANK3   BANK4   BANK5   BANK6   BANK7   BANK8   BANK9  BANK10  BANK11  BANK12  BANK13  BANK14  BANK15
      Params:         0       0       0       0       0       0       0       0       0       0       0       0       0       0       0       0       0
      Locals:         0       0       0       0       0       0       0       0       0       0       0       0       0       0       0       0       0
      Temps:          0       0       0       0       0       0       0       0       0       0       0       0       0       0       0       0       0
      Totals:         0       0       0       0       0       0       0       0       0       0       0       0       0       0       0       0       0
Total ram usage:        0 bytes
 Hardware stack levels used:    1
 Hardware stack levels required when called:    1
 This function calls:
		Nothing
 This function is called by:
		_main
 This function uses a non-reentrant model


 *************** function _initialization *****************
 Defined at:
		line 65 in file "../Robot Files/sumovore.c"
 Parameters:    Size  Location     Type
		None
 Auto vars:     Size  Location     Type
		None
 Return value:  Size  Location     Type
		None               void
 Registers used:
		wreg, status,2, status,0, tblptrl, tblptrh, tblptru, cstack
 Tracked objects:
		On entry : 
		On exit  : 
		Unchanged: 
 Data sizes:     COMRAM   BANK0   BANK1   BANK2   BANK3   BANK4   BANK5   BANK6   BANK7   BANK8   BANK9  BANK10  BANK11  BANK12  BANK13  BANK14  BANK15
      Params:         0       0       0       0       0       0       0       0       0       0       0       0       0       0       0       0       0
      Locals:         0       0       0       0       0       0       0       0       0       0       0       0       0       0       0       0       0
      Temps:          0       0       0       0       0       0       0       0       0       0       0       0       0       0       0       0       0
      Totals:         0       0       0       0       0       0       0       0       0       0       0       0       0       0       0       0       0
Total ram usage:        0 bytes
 Hardware stack levels used:    1
 Hardware stack levels required when called:    5
 This function calls:
		_OpenADC
		_OpenPWM1
		_OpenPWM2
		_OpenTimer2
		_OpenUSART
		_SetDCPWM1
		_SetDCPWM2
		_openLVD
		_openPORTA
		_openPORTB
		_openPORTCforPWM
		_openPORTCforUSART
		_openPORTD
		_openPORTE
		_reset_codes
		_set_osc_32MHz
 This function is called by:
		_main
 This function uses a non-reentrant model


 *************** function _set_osc_32MHz *****************
 Defined at:
		line 18 in file "../../Common/osc.c"
 Parameters:    Size  Location     Type
		None
 Auto vars:     Size  Location     Type
  i               2   14[COMRAM] int 
 Return value:  Size  Location     Type
		None               void
 Registers used:
		wreg, status,2, status,0
 Tracked objects:
		On entry : 
		On exit  : 
		Unchanged: 
 Data sizes:     COMRAM   BANK0   BANK1   BANK2   BANK3   BANK4   BANK5   BANK6   BANK7   BANK8   BANK9  BANK10  BANK11  BANK12  BANK13  BANK14  BANK15
      Params:         0       0       0       0       0       0       0       0       0       0       0       0       0       0       0       0       0
      Locals:         2       0       0       0       0       0       0       0       0       0       0       0       0       0       0       0       0
      Temps:          0       0       0       0       0       0       0       0       0       0       0       0       0       0       0       0       0
      Totals:         2       0       0       0       0       0       0       0       0       0       0       0       0       0       0       0       0
Total ram usage:        2 bytes
 Hardware stack levels used:    1
 Hardware stack levels required when called:    1
 This function calls:
		Nothing
 This function is called by:
		_initialization
 This function uses a non-reentrant model


 *************** function _reset_codes *****************
 Defined at:
		line 281 in file "../Robot Files/sumovore.c"
 Parameters:    Size  Location     Type
		None
 Auto vars:     Size  Location     Type
		None
 Return value:  Size  Location     Type
		None               void
 Registers used:
		wreg, status,2, status,0, tblptrl, tblptrh, tblptru, cstack
 Tracked objects:
		On entry : 
		On exit  : 
		Unchanged: 
 Data sizes:     COMRAM   BANK0   BANK1   BANK2   BANK3   BANK4   BANK5   BANK6   BANK7   BANK8   BANK9  BANK10  BANK11  BANK12  BANK13  BANK14  BANK15
      Params:         0       0       0       0       0       0       0       0       0       0       0       0       0       0       0       0       0
      Locals:         0       0       0       0       0       0       0       0       0       0       0       0       0       0       0       0       0
      Temps:          0       0       0       0       0       0       0       0       0       0       0       0       0       0       0       0       0
      Totals:         0       0       0       0       0       0       0       0       0       0       0       0       0       0       0       0       0
Total ram usage:        0 bytes
 Hardware stack levels used:    1
 Hardware stack levels required when called:    4
 This function calls:
		_BORtask
		_PORtask
		_RESETtask
		_STKFULtask
		_WDTtask
		_isBOR
		_isPOR
		_isWDTTO
 This function is called by:
		_initialization
 This function uses a non-reentrant model


 *************** function _isWDTTO *****************
 Defined at:
		line 15 in file "C:\Program Files (x86)\Microchip\xc8\v1.34\sources\pic18\plib\reset\iswdtto.c"
 Parameters:    Size  Location     Type
		None
 Auto vars:     Size  Location     Type
		None
 Return value:  Size  Location     Type
                  1    wreg      unsigned char 
 Registers used:
		wreg
 Tracked objects:
		On entry : 
		On exit  : 
		Unchanged: 
 Data sizes:     COMRAM   BANK0   BANK1   BANK2   BANK3   BANK4   BANK5   BANK6   BANK7   BANK8   BANK9  BANK10  BANK11  BANK12  BANK13  BANK14  BANK15
      Params:         0       0       0       0       0       0       0       0       0       0       0       0       0       0       0       0       0
      Locals:         0       0       0       0       0       0       0       0       0       0       0       0       0       0       0       0       0
      Temps:          0       0       0       0       0       0       0       0       0       0       0       0       0       0       0       0       0
      Totals:         0       0       0       0       0       0       0       0       0       0       0       0       0       0       0       0       0
Total ram usage:        0 bytes
 Hardware stack levels used:    1
 Hardware stack levels required when called:    1
 This function calls:
		Nothing
 This function is called by:
		_reset_codes
 This function uses a non-reentrant model


 *************** function _isPOR *****************
 Defined at:
		line 10 in file "C:\Program Files (x86)\Microchip\xc8\v1.34\sources\pic18\plib\reset\ispor.c"
 Parameters:    Size  Location     Type
		None
 Auto vars:     Size  Location     Type
		None
 Return value:  Size  Location     Type
                  1    wreg      unsigned char 
 Registers used:
		wreg
 Tracked objects:
		On entry : 
		On exit  : 
		Unchanged: 
 Data sizes:     COMRAM   BANK0   BANK1   BANK2   BANK3   BANK4   BANK5   BANK6   BANK7   BANK8   BANK9  BANK10  BANK11  BANK12  BANK13  BANK14  BANK15
      Params:         0       0       0       0       0       0       0       0       0       0       0       0       0       0       0       0       0
      Locals:         0       0       0       0       0       0       0       0       0       0       0       0       0       0       0       0       0
      Temps:          0       0       0       0       0       0       0       0       0       0       0       0       0       0       0       0       0
      Totals:         0       0       0       0       0       0       0       0       0       0       0       0       0       0       0       0       0
Total ram usage:        0 bytes
 Hardware stack levels used:    1
 Hardware stack levels required when called:    1
 This function calls:
		Nothing
 This function is called by:
		_reset_codes
 This function uses a non-reentrant model


 *************** function _isBOR *****************
 Defined at:
		line 12 in file "C:\Program Files (x86)\Microchip\xc8\v1.34\sources\pic18\plib\reset\isbor.c"
 Parameters:    Size  Location     Type
		None
 Auto vars:     Size  Location     Type
		None
 Return value:  Size  Location     Type
                  1    wreg      unsigned char 
 Registers used:
		wreg
 Tracked objects:
		On entry : 
		On exit  : 
		Unchanged: 
 Data sizes:     COMRAM   BANK0   BANK1   BANK2   BANK3   BANK4   BANK5   BANK6   BANK7   BANK8   BANK9  BANK10  BANK11  BANK12  BANK13  BANK14  BANK15
      Params:         0       0       0       0       0       0       0       0       0       0       0       0       0       0       0       0       0
      Locals:         0       0       0       0       0       0       0       0       0       0       0       0       0       0       0       0       0
      Temps:          0       0       0       0       0       0       0       0       0       0       0       0       0       0       0       0       0
      Totals:         0       0       0       0       0       0       0       0       0       0       0       0       0       0       0       0       0
Total ram usage:        0 bytes
 Hardware stack levels used:    1
 Hardware stack levels required when called:    1
 This function calls:
		Nothing
 This function is called by:
		_reset_codes
 This function uses a non-reentrant model


 *************** function _WDTtask *****************
 Defined at:
		line 369 in file "../Robot Files/sumovore.c"
 Parameters:    Size  Location     Type
		None
 Auto vars:     Size  Location     Type
		None
 Return value:  Size  Location     Type
		None               void
 Registers used:
		wreg, status,2, status,0, tblptrl, tblptrh, tblptru, cstack
 Tracked objects:
		On entry : 
		On exit  : 
		Unchanged: 
 Data sizes:     COMRAM   BANK0   BANK1   BANK2   BANK3   BANK4   BANK5   BANK6   BANK7   BANK8   BANK9  BANK10  BANK11  BANK12  BANK13  BANK14  BANK15
      Params:         0       0       0       0       0       0       0       0       0       0       0       0       0       0       0       0       0
      Locals:         0       0       0       0       0       0       0       0       0       0       0       0       0       0       0       0       0
      Temps:          0       0       0       0       0       0       0       0       0       0       0       0       0       0       0       0       0
      Totals:         0       0       0       0       0       0       0       0       0       0       0       0       0       0       0       0       0
Total ram usage:        0 bytes
 Hardware stack levels used:    1
 Hardware stack levels required when called:    3
 This function calls:
		_gtrap
		_printf
 This function is called by:
		_reset_codes
 This function uses a non-reentrant model


 *************** function _STKFULtask *****************
 Defined at:
		line 388 in file "../Robot Files/sumovore.c"
 Parameters:    Size  Location     Type
		None
 Auto vars:     Size  Location     Type
		None
 Return value:  Size  Location     Type
		None               void
 Registers used:
		wreg, status,2, status,0, tblptrl, tblptrh, tblptru, cstack
 Tracked objects:
		On entry : 
		On exit  : 
		Unchanged: 
 Data sizes:     COMRAM   BANK0   BANK1   BANK2   BANK3   BANK4   BANK5   BANK6   BANK7   BANK8   BANK9  BANK10  BANK11  BANK12  BANK13  BANK14  BANK15
      Params:         0       0       0       0       0       0       0       0       0       0       0       0       0       0       0       0       0
      Locals:         0       0       0       0       0       0       0       0       0       0       0       0       0       0       0       0       0
      Temps:          0       0       0       0       0       0       0       0       0       0       0       0       0       0       0       0       0
      Totals:         0       0       0       0       0       0       0       0       0       0       0       0       0       0       0       0       0
Total ram usage:        0 bytes
 Hardware stack levels used:    1
 Hardware stack levels required when called:    3
 This function calls:
		_gtrap
		_printf
 This function is called by:
		_reset_codes
 This function uses a non-reentrant model


 *************** function _RESETtask *****************
 Defined at:
		line 404 in file "../Robot Files/sumovore.c"
 Parameters:    Size  Location     Type
		None
 Auto vars:     Size  Location     Type
		None
 Return value:  Size  Location     Type
		None               void
 Registers used:
		wreg, status,2, status,0, tblptrl, tblptrh, tblptru, cstack
 Tracked objects:
		On entry : 
		On exit  : 
		Unchanged: 
 Data sizes:     COMRAM   BANK0   BANK1   BANK2   BANK3   BANK4   BANK5   BANK6   BANK7   BANK8   BANK9  BANK10  BANK11  BANK12  BANK13  BANK14  BANK15
      Params:         0       0       0       0       0       0       0       0       0       0       0       0       0       0       0       0       0
      Locals:         0       0       0       0       0       0       0       0       0       0       0       0       0       0       0       0       0
      Temps:          0       0       0       0       0       0       0       0       0       0       0       0       0       0       0       0       0
      Totals:         0       0       0       0       0       0       0       0       0       0       0       0       0       0       0       0       0
Total ram usage:        0 bytes
 Hardware stack levels used:    1
 Hardware stack levels required when called:    3
 This function calls:
		_gtrap
		_printf
 This function is called by:
		_reset_codes
 This function uses a non-reentrant model


 *************** function _PORtask *****************
 Defined at:
		line 306 in file "../Robot Files/sumovore.c"
 Parameters:    Size  Location     Type
		None
 Auto vars:     Size  Location     Type
  count2          4   23[COMRAM] unsigned long 
  count1          4   19[COMRAM] unsigned long 
 Return value:  Size  Location     Type
		None               void
 Registers used:
		wreg, status,2, status,0, tblptrl, tblptrh, tblptru, cstack
 Tracked objects:
		On entry : 
		On exit  : 
		Unchanged: 
 Data sizes:     COMRAM   BANK0   BANK1   BANK2   BANK3   BANK4   BANK5   BANK6   BANK7   BANK8   BANK9  BANK10  BANK11  BANK12  BANK13  BANK14  BANK15
      Params:         0       0       0       0       0       0       0       0       0       0       0       0       0       0       0       0       0
      Locals:         8       0       0       0       0       0       0       0       0       0       0       0       0       0       0       0       0
      Temps:          0       0       0       0       0       0       0       0       0       0       0       0       0       0       0       0       0
      Totals:         8       0       0       0       0       0       0       0       0       0       0       0       0       0       0       0       0
Total ram usage:        8 bytes
 Hardware stack levels used:    1
 Hardware stack levels required when called:    3
 This function calls:
		_StatusReset
		_printf
 This function is called by:
		_reset_codes
 This function uses a non-reentrant model


 *************** function _BORtask *****************
 Defined at:
		line 348 in file "../Robot Files/sumovore.c"
 Parameters:    Size  Location     Type
		None
 Auto vars:     Size  Location     Type
		None
 Return value:  Size  Location     Type
		None               void
 Registers used:
		wreg, status,2, status,0, tblptrl, tblptrh, tblptru, cstack
 Tracked objects:
		On entry : 
		On exit  : 
		Unchanged: 
 Data sizes:     COMRAM   BANK0   BANK1   BANK2   BANK3   BANK4   BANK5   BANK6   BANK7   BANK8   BANK9  BANK10  BANK11  BANK12  BANK13  BANK14  BANK15
      Params:         0       0       0       0       0       0       0       0       0       0       0       0       0       0       0       0       0
      Locals:         0       0       0       0       0       0       0       0       0       0       0       0       0       0       0       0       0
      Temps:          0       0       0       0       0       0       0       0       0       0       0       0       0       0       0       0       0
      Totals:         0       0       0       0       0       0       0       0       0       0       0       0       0       0       0       0       0
Total ram usage:        0 bytes
 Hardware stack levels used:    1
 Hardware stack levels required when called:    3
 This function calls:
		_StatusReset
		_gtrap
		_printf
 This function is called by:
		_reset_codes
 This function uses a non-reentrant model


 *************** function _StatusReset *****************
 Defined at:
		line 10 in file "C:\Program Files (x86)\Microchip\xc8\v1.34\sources\pic18\plib\reset\statrst.c"
 Parameters:    Size  Location     Type
		None
 Auto vars:     Size  Location     Type
		None
 Return value:  Size  Location     Type
		None               void
 Registers used:
		None
 Tracked objects:
		On entry : 
		On exit  : 
		Unchanged: 
 Data sizes:     COMRAM   BANK0   BANK1   BANK2   BANK3   BANK4   BANK5   BANK6   BANK7   BANK8   BANK9  BANK10  BANK11  BANK12  BANK13  BANK14  BANK15
      Params:         0       0       0       0       0       0       0       0       0       0       0       0       0       0       0       0       0
      Locals:         0       0       0       0       0       0       0       0       0       0       0       0       0       0       0       0       0
      Temps:          0       0       0       0       0       0       0       0       0       0       0       0       0       0       0       0       0
      Totals:         0       0       0       0       0       0       0       0       0       0       0       0       0       0       0       0       0
Total ram usage:        0 bytes
 Hardware stack levels used:    1
 Hardware stack levels required when called:    1
 This function calls:
		Nothing
 This function is called by:
		_PORtask
		_BORtask
 This function uses a non-reentrant model


 *************** function _openPORTE *****************
 Defined at:
		line 178 in file "../Robot Files/sumovore.c"
 Parameters:    Size  Location     Type
		None
 Auto vars:     Size  Location     Type
		None
 Return value:  Size  Location     Type
		None               void
 Registers used:
		wreg, status,2
 Tracked objects:
		On entry : 
		On exit  : 
		Unchanged: 
 Data sizes:     COMRAM   BANK0   BANK1   BANK2   BANK3   BANK4   BANK5   BANK6   BANK7   BANK8   BANK9  BANK10  BANK11  BANK12  BANK13  BANK14  BANK15
      Params:         0       0       0       0       0       0       0       0       0       0       0       0       0       0       0       0       0
      Locals:         0       0       0       0       0       0       0       0       0       0       0       0       0       0       0       0       0
      Temps:          0       0       0       0       0       0       0       0       0       0       0       0       0       0       0       0       0
      Totals:         0       0       0       0       0       0       0       0       0       0       0       0       0       0       0       0       0
Total ram usage:        0 bytes
 Hardware stack levels used:    1
 Hardware stack levels required when called:    1
 This function calls:
		Nothing
 This function is called by:
		_initialization
 This function uses a non-reentrant model


 *************** function _openPORTCforUSART *****************
 Defined at:
		line 124 in file "../Robot Files/sumovore.c"
 Parameters:    Size  Location     Type
		None
 Auto vars:     Size  Location     Type
		None
 Return value:  Size  Location     Type
		None               void
 Registers used:
		None
 Tracked objects:
		On entry : 
		On exit  : 
		Unchanged: 
 Data sizes:     COMRAM   BANK0   BANK1   BANK2   BANK3   BANK4   BANK5   BANK6   BANK7   BANK8   BANK9  BANK10  BANK11  BANK12  BANK13  BANK14  BANK15
      Params:         0       0       0       0       0       0       0       0       0       0       0       0       0       0       0       0       0
      Locals:         0       0       0       0       0       0       0       0       0       0       0       0       0       0       0       0       0
      Temps:          0       0       0       0       0       0       0       0       0       0       0       0       0       0       0       0       0
      Totals:         0       0       0       0       0       0       0       0       0       0       0       0       0       0       0       0       0
Total ram usage:        0 bytes
 Hardware stack levels used:    1
 Hardware stack levels required when called:    1
 This function calls:
		Nothing
 This function is called by:
		_initialization
 This function uses a non-reentrant model


 *************** function _openPORTCforPWM *****************
 Defined at:
		line 133 in file "../Robot Files/sumovore.c"
 Parameters:    Size  Location     Type
		None
 Auto vars:     Size  Location     Type
		None
 Return value:  Size  Location     Type
		None               void
 Registers used:
		None
 Tracked objects:
		On entry : 
		On exit  : 
		Unchanged: 
 Data sizes:     COMRAM   BANK0   BANK1   BANK2   BANK3   BANK4   BANK5   BANK6   BANK7   BANK8   BANK9  BANK10  BANK11  BANK12  BANK13  BANK14  BANK15
      Params:         0       0       0       0       0       0       0       0       0       0       0       0       0       0       0       0       0
      Locals:         0       0       0       0       0       0       0       0       0       0       0       0       0       0       0       0       0
      Temps:          0       0       0       0       0       0       0       0       0       0       0       0       0       0       0       0       0
      Totals:         0       0       0       0       0       0       0       0       0       0       0       0       0       0       0       0       0
Total ram usage:        0 bytes
 Hardware stack levels used:    1
 Hardware stack levels required when called:    1
 This function calls:
		Nothing
 This function is called by:
		_initialization
 This function uses a non-reentrant model


 *************** function _openPORTB *****************
 Defined at:
		line 158 in file "../Robot Files/sumovore.c"
 Parameters:    Size  Location     Type
		None
 Auto vars:     Size  Location     Type
		None
 Return value:  Size  Location     Type
		None               void
 Registers used:
		wreg, status,2
 Tracked objects:
		On entry : 
		On exit  : 
		Unchanged: 
 Data sizes:     COMRAM   BANK0   BANK1   BANK2   BANK3   BANK4   BANK5   BANK6   BANK7   BANK8   BANK9  BANK10  BANK11  BANK12  BANK13  BANK14  BANK15
      Params:         0       0       0       0       0       0       0       0       0       0       0       0       0       0       0       0       0
      Locals:         0       0       0       0       0       0       0       0       0       0       0       0       0       0       0       0       0
      Temps:          0       0       0       0       0       0       0       0       0       0       0       0       0       0       0       0       0
      Totals:         0       0       0       0       0       0       0       0       0       0       0       0       0       0       0       0       0
Total ram usage:        0 bytes
 Hardware stack levels used:    1
 Hardware stack levels required when called:    1
 This function calls:
		Nothing
 This function is called by:
		_initialization
 This function uses a non-reentrant model


 *************** function _openPORTA *****************
 Defined at:
		line 147 in file "../Robot Files/sumovore.c"
 Parameters:    Size  Location     Type
		None
 Auto vars:     Size  Location     Type
		None
 Return value:  Size  Location     Type
		None               void
 Registers used:
		wreg, status,2
 Tracked objects:
		On entry : 
		On exit  : 
		Unchanged: 
 Data sizes:     COMRAM   BANK0   BANK1   BANK2   BANK3   BANK4   BANK5   BANK6   BANK7   BANK8   BANK9  BANK10  BANK11  BANK12  BANK13  BANK14  BANK15
      Params:         0       0       0       0       0       0       0       0       0       0       0       0       0       0       0       0       0
      Locals:         0       0       0       0       0       0       0       0       0       0       0       0       0       0       0       0       0
      Temps:          0       0       0       0       0       0       0       0       0       0       0       0       0       0       0       0       0
      Totals:         0       0       0       0       0       0       0       0       0       0       0       0       0       0       0       0       0
Total ram usage:        0 bytes
 Hardware stack levels used:    1
 Hardware stack levels required when called:    1
 This function calls:
		Nothing
 This function is called by:
		_initialization
 This function uses a non-reentrant model


 *************** function _openLVD *****************
 Defined at:
		line 427 in file "../Robot Files/sumovore.c"
 Parameters:    Size  Location     Type
		None
 Auto vars:     Size  Location     Type
		None
 Return value:  Size  Location     Type
		None               void
 Registers used:
		None
 Tracked objects:
		On entry : 
		On exit  : 
		Unchanged: 
 Data sizes:     COMRAM   BANK0   BANK1   BANK2   BANK3   BANK4   BANK5   BANK6   BANK7   BANK8   BANK9  BANK10  BANK11  BANK12  BANK13  BANK14  BANK15
      Params:         0       0       0       0       0       0       0       0       0       0       0       0       0       0       0       0       0
      Locals:         0       0       0       0       0       0       0       0       0       0       0       0       0       0       0       0       0
      Temps:          0       0       0       0       0       0       0       0       0       0       0       0       0       0       0       0       0
      Totals:         0       0       0       0       0       0       0       0       0       0       0       0       0       0       0       0       0
Total ram usage:        0 bytes
 Hardware stack levels used:    1
 Hardware stack levels required when called:    1
 This function calls:
		Nothing
 This function is called by:
		_initialization
 This function uses a non-reentrant model


 *************** function _OpenUSART *****************
 Defined at:
		line 73 in file "C:\Program Files (x86)\Microchip\xc8\v1.34\sources\pic18\plib\USART\uopen.c"
 Parameters:    Size  Location     Type
  config          1    wreg     unsigned char 
  spbrg           2   14[COMRAM] unsigned int 
 Auto vars:     Size  Location     Type
  config          1   16[COMRAM] unsigned char 
 Return value:  Size  Location     Type
		None               void
 Registers used:
		wreg, status,2
 Tracked objects:
		On entry : 
		On exit  : 
		Unchanged: 
 Data sizes:     COMRAM   BANK0   BANK1   BANK2   BANK3   BANK4   BANK5   BANK6   BANK7   BANK8   BANK9  BANK10  BANK11  BANK12  BANK13  BANK14  BANK15
      Params:         2       0       0       0       0       0       0       0       0       0       0       0       0       0       0       0       0
      Locals:         1       0       0       0       0       0       0       0       0       0       0       0       0       0       0       0       0
      Temps:          0       0       0       0       0       0       0       0       0       0       0       0       0       0       0       0       0
      Totals:         3       0       0       0       0       0       0       0       0       0       0       0       0       0       0       0       0
Total ram usage:        3 bytes
 Hardware stack levels used:    1
 Hardware stack levels required when called:    1
 This function calls:
		Nothing
 This function is called by:
[...]
		None               void
 Registers used:
		wreg, status,2, status,0
 Tracked objects:
		On entry : 
		On exit  : 
		Unchanged: 
 Data sizes:     COMRAM   BANK0   BANK1   BANK2   BANK3   BANK4   BANK5   BANK6   BANK7   BANK8   BANK9  BANK10  BANK11  BANK12  BANK13  BANK14  BANK15
      Params:         2       0       0       0       0       0       0       0       0       0       0       0       0       0       0       0       0
      Locals:         2       0       0       0       0       0       0       0       0       0       0       0       0       0       0       0       0
      Temps:          2       0       0       0       0       0       0       0       0       0       0       0       0       0       0       0       0
      Totals:         6       0       0       0       0       0       0       0       0       0       0       0       0       0       0       0       0
Total ram usage:        6 bytes
 Hardware stack levels used:    1
 Hardware stack levels required when called:    1
 This function calls:
		Nothing
 This function is called by:
		_MotorControl
		_initialization
		_set_motor_speed
		_motors_brake_all
 This function uses a non-reentrant model


 *************** function _SetDCPWM1 *****************
 Defined at:
		line 7 in file "C:\Program Files (x86)\Microchip\xc8\v1.34\sources\pic18\plib\PWM\pw1setdc.c"
 Parameters:    Size  Location     Type
  dutycycle       2   14[COMRAM] unsigned int 
 Auto vars:     Size  Location     Type
  DCycle          2   18[COMRAM] struct PWMDC
 Return value:  Size  Location     Type
		None               void
 Registers used:
		wreg, status,2, status,0
 Tracked objects:
		On entry : 
		On exit  : 
		Unchanged: 
 Data sizes:     COMRAM   BANK0   BANK1   BANK2   BANK3   BANK4   BANK5   BANK6   BANK7   BANK8   BANK9  BANK10  BANK11  BANK12  BANK13  BANK14  BANK15
      Params:         2       0       0       0       0       0       0       0       0       0       0       0       0       0       0       0       0
      Locals:         2       0       0       0       0       0       0       0       0       0       0       0       0       0       0       0       0
      Temps:          2       0       0       0       0       0       0       0       0       0       0       0       0       0       0       0       0
      Totals:         6       0       0       0       0       0       0       0       0       0       0       0       0       0       0       0       0
Total ram usage:        6 bytes
 Hardware stack levels used:    1
 Hardware stack levels required when called:    1
 This function calls:
		Nothing
 This function is called by:
		_MotorControl
		_initialization
		_set_motor_speed
		_motors_brake_all
 This function uses a non-reentrant model


 *************** function _OpenTimer0 *****************
 Defined at:
		line 18 in file "C:\Program Files (x86)\Microchip\xc8\v1.34\sources\pic18\plib\Timers\t0open.c"
 Parameters:    Size  Location     Type
  config          1    wreg     unsigned char 
 Auto vars:     Size  Location     Type
  config          1   14[COMRAM] unsigned char 
 Return value:  Size  Location     Type
		None               void
 Registers used:
		wreg, status,2, status,0
 Tracked objects:
		On entry : 
		On exit  : 
		Unchanged: 
 Data sizes:     COMRAM   BANK0   BANK1   BANK2   BANK3   BANK4   BANK5   BANK6   BANK7   BANK8   BANK9  BANK10  BANK11  BANK12  BANK13  BANK14  BANK15
      Params:         0       0       0       0       0       0       0       0       0       0       0       0       0       0       0       0       0
      Locals:         1       0       0       0       0       0       0       0       0       0       0       0       0       0       0       0       0
      Temps:          0       0       0       0       0       0       0       0       0       0       0       0       0       0       0       0       0
      Totals:         1       0       0       0       0       0       0       0       0       0       0       0       0       0       0       0       0
Total ram usage:        1 bytes
 Hardware stack levels used:    1
 Hardware stack levels required when called:    1
 This function calls:
		Nothing
 This function is called by:
		_main
 This function uses a non-reentrant model


 *************** function _LVtrap *****************
 Defined at:
		line 448 in file "../Robot Files/sumovore.c"
 Parameters:    Size  Location     Type
		None
 Auto vars:     Size  Location     Type
		None
 Return value:  Size  Location     Type
		None               void
 Registers used:
		wreg, status,2, status,0, tblptrl, tblptrh, tblptru, cstack
 Tracked objects:
		On entry : 
		On exit  : 
		Unchanged: 
 Data sizes:     COMRAM   BANK0   BANK1   BANK2   BANK3   BANK4   BANK5   BANK6   BANK7   BANK8   BANK9  BANK10  BANK11  BANK12  BANK13  BANK14  BANK15
      Params:         0       0       0       0       0       0       0       0       0       0       0       0       0       0       0       0       0
      Locals:         0       0       0       0       0       0       0       0       0       0       0       0       0       0       0       0       0
      Temps:          0       0       0       0       0       0       0       0       0       0       0       0       0       0       0       0       0
      Totals:         0       0       0       0       0       0       0       0       0       0       0       0       0       0       0       0       0
Total ram usage:        0 bytes
 Hardware stack levels used:    1
 Hardware stack levels required when called:    3
 This function calls:
		_gtrap
		_openPORTD
		_printf
 This function is called by:
		_main
 This function uses a non-reentrant model


 *************** function _printf *****************
 Defined at:
		line 464 in file "C:\Program Files (x86)\Microchip\xc8\v1.34\sources\common\doprnt.c"
 Parameters:    Size  Location     Type
  f               2   14[COMRAM] PTR const unsigned char 
		 -> STR_7(7), STR_6(10), STR_5(9), STR_4(9), 
		 -> STR_3(6), STR_2(6), STR_1(64), 
 Auto vars:     Size  Location     Type
  tmpval          4    0        struct .
  cp              3    0        PTR const unsigned char 
  ap              2   16[COMRAM] PTR void [1]
		 -> ?_printf(2), 
  len             2    0        unsigned int 
  val             2    0        unsigned int 
  c               1   18[COMRAM] char 
  flag            1    0        unsigned char 
  prec            1    0        char 
 Return value:  Size  Location     Type
                  2   14[COMRAM] int 
 Registers used:
		wreg, status,2, status,0, tblptrl, tblptrh, tblptru, cstack
 Tracked objects:
		On entry : 
		On exit  : 
		Unchanged: 
 Data sizes:     COMRAM   BANK0   BANK1   BANK2   BANK3   BANK4   BANK5   BANK6   BANK7   BANK8   BANK9  BANK10  BANK11  BANK12  BANK13  BANK14  BANK15
      Params:         2       0       0       0       0       0       0       0       0       0       0       0       0       0       0       0       0
      Locals:         3       0       0       0       0       0       0       0       0       0       0       0       0       0       0       0       0
      Temps:          0       0       0       0       0       0       0       0       0       0       0       0       0       0       0       0       0
      Totals:         5       0       0       0       0       0       0       0       0       0       0       0       0       0       0       0       0
Total ram usage:        5 bytes
 Hardware stack levels used:    1
 Hardware stack levels required when called:    2
 This function calls:
		_putch
 This function is called by:
		_main
		_PORtask
		_BORtask
		_WDTtask
		_STKFULtask
		_RESETtask
		_LVtrap
 This function uses a non-reentrant model


 *************** function _putch *****************
 Defined at:
		line 7 in file "C:\Program Files (x86)\Microchip\xc8\v1.34\sources\common\putch.c"
 Parameters:    Size  Location     Type
  c               1    wreg     unsigned char 
 Auto vars:     Size  Location     Type
  c               1    0[COMRAM] unsigned char 
 Return value:  Size  Location     Type
		None               void
 Registers used:
		wreg
 Tracked objects:
		On entry : 
		On exit  : 
		Unchanged: 
 Data sizes:     COMRAM   BANK0   BANK1   BANK2   BANK3   BANK4   BANK5   BANK6   BANK7   BANK8   BANK9  BANK10  BANK11  BANK12  BANK13  BANK14  BANK15
      Params:         0       0       0       0       0       0       0       0       0       0       0       0       0       0       0       0       0
      Locals:         0       0       0       0       0       0       0       0       0       0       0       0       0       0       0       0       0
      Temps:          0       0       0       0       0       0       0       0       0       0       0       0       0       0       0       0       0
      Totals:         0       0       0       0       0       0       0       0       0       0       0       0       0       0       0       0       0
Total ram usage:        0 bytes
 Hardware stack levels used:    1
 Hardware stack levels required when called:    1
 This function calls:
		Nothing
 This function is called by:
		_printf
 This function uses a non-reentrant model


 *************** function _openPORTD *****************
 Defined at:
		line 168 in file "../Robot Files/sumovore.c"
 Parameters:    Size  Location     Type
		None
 Auto vars:     Size  Location     Type
		None
 Return value:  Size  Location     Type
		None               void
 Registers used:
		wreg, status,2
 Tracked objects:
		On entry : 
		On exit  : 
		Unchanged: 
 Data sizes:     COMRAM   BANK0   BANK1   BANK2   BANK3   BANK4   BANK5   BANK6   BANK7   BANK8   BANK9  BANK10  BANK11  BANK12  BANK13  BANK14  BANK15
      Params:         0       0       0       0       0       0       0       0       0       0       0       0       0       0       0       0       0
      Locals:         0       0       0       0       0       0       0       0       0       0       0       0       0       0       0       0       0
      Temps:          0       0       0       0       0       0       0       0       0       0       0       0       0       0       0       0       0
      Totals:         0       0       0       0       0       0       0       0       0       0       0       0       0       0       0       0       0
Total ram usage:        0 bytes
 Hardware stack levels used:    1
 Hardware stack levels required when called:    1
 This function calls:
		Nothing
 This function is called by:
		_initialization
		_LVtrap
 This function uses a non-reentrant model


 *************** function _gtrap *****************
 Defined at:
		line 463 in file "../Robot Files/sumovore.c"
 Parameters:    Size  Location     Type
		None
 Auto vars:     Size  Location     Type
  count           4   14[COMRAM] unsigned long 
 Return value:  Size  Location     Type
		None               void
 Registers used:
		wreg, status,2, status,0
 Tracked objects:
		On entry : 
		On exit  : 
		Unchanged: 
 Data sizes:     COMRAM   BANK0   BANK1   BANK2   BANK3   BANK4   BANK5   BANK6   BANK7   BANK8   BANK9  BANK10  BANK11  BANK12  BANK13  BANK14  BANK15
      Params:         0       0       0       0       0       0       0       0       0       0       0       0       0       0       0       0       0
      Locals:         4       0       0       0       0       0       0       0       0       0       0       0       0       0       0       0       0
      Temps:          0       0       0       0       0       0       0       0       0       0       0       0       0       0       0       0       0
      Totals:         4       0       0       0       0       0       0       0       0       0       0       0       0       0       0       0       0
Total ram usage:        4 bytes
 Hardware stack levels used:    1
 Hardware stack levels required when called:    1
 This function calls:
		Nothing
 This function is called by:
		_BORtask
		_WDTtask
		_STKFULtask
		_RESETtask
		_LVtrap
 This function uses a non-reentrant model


 *************** function _high_isr *****************
 Defined at:
		line 24 in file "../Robot Files/interrupts.c"
 Parameters:    Size  Location     Type
		None
 Auto vars:     Size  Location     Type
		None
 Return value:  Size  Location     Type
		None               void
 Registers used:
		wreg, status,2
 Tracked objects:
		On entry : 
		On exit  : 
		Unchanged: 
 Data sizes:     COMRAM   BANK0   BANK1   BANK2   BANK3   BANK4   BANK5   BANK6   BANK7   BANK8   BANK9  BANK10  BANK11  BANK12  BANK13  BANK14  BANK15
      Params:         0       0       0       0       0       0       0       0       0       0       0       0       0       0       0       0       0
      Locals:         0       0       0       0       0       0       0       0       0       0       0       0       0       0       0       0       0
      Temps:         14       0       0       0       0       0       0       0       0       0       0       0       0       0       0       0       0
      Totals:        14       0       0       0       0       0       0       0       0       0       0       0       0       0       0       0       0
Total ram usage:       14 bytes
 Hardware stack levels used:    1
 This function calls:
		Nothing
 This function is called by:
		Interrupt level 2
 This function uses a non-reentrant model



MODULE INFORMATION

Module		Function		Class		Link	Load	Size
../Robot Files/main.c
		_main          		CODE           	13E0	0000	241
		_PID_LineFollow		CODE           	1082	0000	463
		_SharpTurn     		CODE           	14D0	0000	235
		_MotorControl  		CODE           	1250	0000	401

../Robot Files/main.c estimated size: 1340

C:\Program Files (x86)\Microchip\xc8\v1.34\sources\pic18\plib\ADC\adcsetch.c
		_SetChanADC    		CODE           	1DBC	0000	23

C:\Program Files (x86)\Microchip\xc8\v1.34\sources\pic18\plib\ADC\adcsetch.c estimated size: 23

C:\Program Files (x86)\Microchip\xc8\v1.34\sources\pic18\plib\reset\iswdtto.c
		_isWDTTO       		CODE           	1C70	0000	39

C:\Program Files (x86)\Microchip\xc8\v1.34\sources\pic18\plib\reset\iswdtto.c estimated size: 39

C:\Program Files (x86)\Microchip\xc8\v1.34\sources\pic18\plib\ADC\adcbusy.c
		_BusyADC       		CODE           	1E26	0000	15

C:\Program Files (x86)\Microchip\xc8\v1.34\sources\pic18\plib\ADC\adcbusy.c estimated size: 15

C:\Program Files (x86)\Microchip\xc8\v1.34\sources\pic18\plib\ADC\adcopen.c
		_OpenADC       		CODE           	1A1E	0000	95

C:\Program Files (x86)\Microchip\xc8\v1.34\sources\pic18\plib\ADC\adcopen.c estimated size: 95

C:\Program Files (x86)\Microchip\xc8\v1.34\sources\pic18\plib\USART\uopen.c
		_OpenUSART     		CODE           	194C	0000	113

C:\Program Files (x86)\Microchip\xc8\v1.34\sources\pic18\plib\USART\uopen.c estimated size: 113

C:\Program Files (x86)\Microchip\xc8\v1.34\sources\pic18\plib\Timers\t0open.c
		_OpenTimer0    		CODE           	1CDC	0000	33

C:\Program Files (x86)\Microchip\xc8\v1.34\sources\pic18\plib\Timers\t0open.c estimated size: 33

C:\Program Files (x86)\Microchip\xc8\v1.34\sources\common\putch.c
		_putch         		CODE           	1E62	0000	3

C:\Program Files (x86)\Microchip\xc8\v1.34\sources\common\putch.c estimated size: 3

C:\Program Files (x86)\Microchip\xc8\v1.34\sources\pic18\plib\PWM\pw2open.c
		_OpenPWM2      		CODE           	1B8E	0000	57

C:\Program Files (x86)\Microchip\xc8\v1.34\sources\pic18\plib\PWM\pw2open.c estimated size: 57

C:\Program Files (x86)\Microchip\xc8\v1.34\sources\pic18\plib\ADC\adcread.c
		_ReadADC       		CODE           	1E08	0000	17

C:\Program Files (x86)\Microchip\xc8\v1.34\sources\pic18\plib\ADC\adcread.c estimated size: 17

../Robot Files/sumovore.c
		_RESETtask     		CODE           	1D56	0000	29
		_initialization		CODE           	17C0	0000	145
		_gtrap         		CODE           	19BC	0000	99
		_openPORTCforPW		CODE           	1E18	0000	15
		_adc           		CODE           	1C20	0000	41
		_check_sensors 		CODE           	15BA	0000	197
		_openPORTCforUS		CODE           	1E46	0000	7
		_STKFULtask    		CODE           	1D1C	0000	31
		_LVtrap        		CODE           	1CFC	0000	33
		_set_leds      		CODE           	1850	0000	127
		_openPORTA     		CODE           	1E52	0000	7
		_openPORTB     		CODE           	1E4C	0000	7
		_openPORTD     		CODE           	1E58	0000	7
		_openPORTE     		CODE           	1E40	0000	7
		_BORtask       		CODE           	1CBC	0000	33
		_reset_codes   		CODE           	1AD8	0000	67
		_openLVD       		CODE           	1D8E	0000	25
		_WDTtask       		CODE           	1D3A	0000	29
		_PORtask       		CODE           	167E	0000	173

../Robot Files/sumovore.c estimated size: 1079

../Robot Files/interrupts.c
		_high_isr      		CODE           	0008	0000	143
		_lvd_flag_set  		CODE           	1E34	0000	7

../Robot Files/interrupts.c estimated size: 150

C:\Program Files (x86)\Microchip\xc8\v1.34\sources\pic18\plib\reset\ispor.c
		_isPOR         		CODE           	1C96	0000	39

C:\Program Files (x86)\Microchip\xc8\v1.34\sources\pic18\plib\reset\ispor.c estimated size: 39

shared
		_D_CONSTANT    		SMALLCONST     	100F	0000	2
		_I_CONSTANT    		SMALLCONST     	1010	0000	2
		_P_CONSTANT    		SMALLCONST     	1011	0000	2
		__initializatio		CODE           	1DD2	0000	13
		set_motor_speed		SMALLCONST     	1001	0000	15

shared estimated size: 34

C:\Program Files (x86)\Microchip\xc8\v1.34\sources\pic18\plib\PWM\pw2setdc.c
		_SetDCPWM2     		CODE           	1B1A	0000	59

C:\Program Files (x86)\Microchip\xc8\v1.34\sources\pic18\plib\PWM\pw2setdc.c estimated size: 59

C:\Program Files (x86)\Microchip\xc8\v1.34\sources\pic18\plib\ADC\adcconv.c
		_ConvertADC    		CODE           	1E5E	0000	5

C:\Program Files (x86)\Microchip\xc8\v1.34\sources\pic18\plib\ADC\adcconv.c estimated size: 5

C:\Program Files (x86)\Microchip\xc8\v1.34\sources\pic18\plib\Timers\t0write.c
		_WriteTimer0   		CODE           	1DF6	0000	19

C:\Program Files (x86)\Microchip\xc8\v1.34\sources\pic18\plib\Timers\t0write.c estimated size: 19

C:\Program Files (x86)\Microchip\xc8\v1.34\sources\common\lwdiv.c
		___lwdiv       		CODE           	1A7C	0000	93

C:\Program Files (x86)\Microchip\xc8\v1.34\sources\common\lwdiv.c estimated size: 93

C:\Program Files (x86)\Microchip\xc8\v1.34\sources\common\awdiv.c
		___awdiv       		CODE           	172A	0000	151

C:\Program Files (x86)\Microchip\xc8\v1.34\sources\common\awdiv.c estimated size: 151

../../Common/osc.c
		_set_osc_32MHz 		CODE           	1BF4	0000	45

../../Common/osc.c estimated size: 45

C:\Program Files (x86)\Microchip\xc8\v1.34\sources\common\doprnt.c
		_printf        		CODE           	1BC6	0000	47

C:\Program Files (x86)\Microchip\xc8\v1.34\sources\common\doprnt.c estimated size: 47

C:\Program Files (x86)\Microchip\xc8\v1.34\sources\pic18\plib\PWM\pw1open.c
		_OpenPWM1      		CODE           	1DE4	0000	19

C:\Program Files (x86)\Microchip\xc8\v1.34\sources\pic18\plib\PWM\pw1open.c estimated size: 19

C:\Program Files (x86)\Microchip\xc8\v1.34\sources\pic18\plib\Timers\t2open.c
		_OpenTimer2    		CODE           	1D72	0000	29

C:\Program Files (x86)\Microchip\xc8\v1.34\sources\pic18\plib\Timers\t2open.c estimated size: 29

C:\Program Files (x86)\Microchip\xc8\v1.34\sources\pic18\plib\PWM\pw1setdc.c
		_SetDCPWM1     		CODE           	1B54	0000	59

C:\Program Files (x86)\Microchip\xc8\v1.34\sources\pic18\plib\PWM\pw1setdc.c estimated size: 59

C:\Program Files (x86)\Microchip\xc8\v1.34\sources\pic18\plib\reset\statrst.c
		_StatusReset   		CODE           	1E3A	0000	7

C:\Program Files (x86)\Microchip\xc8\v1.34\sources\pic18\plib\reset\statrst.c estimated size: 7

C:\Program Files (x86)\Microchip\xc8\v1.34\sources\common\Umul16.c
		___wmul        		CODE           	1C48	0000	41

C:\Program Files (x86)\Microchip\xc8\v1.34\sources\common\Umul16.c estimated size: 41

C:\Program Files (x86)\Microchip\xc8\v1.34\sources\pic18\plib\reset\isbor.c
		_isBOR         		CODE           	1DA6	0000	23

C:\Program Files (x86)\Microchip\xc8\v1.34\sources\pic18\plib\reset\isbor.c estimated size: 23

